[2025-04-09 16:40:31] Edit products UI page loaded. ###END###
[2025-04-09 16:40:34] Edit products UI page loaded. ###END###
[2025-04-09 16:41:27] Edit products UI page loaded. ###END###
[2025-04-09 16:46:58] Edit products UI page loaded. ###END###
[2025-04-09 16:46:59] Edit products UI page loaded. ###END###
[2025-04-09 16:47:02] Edit products UI page loaded. ###END###
[2025-04-09 16:47:59] Edit products UI page loaded. ###END###
[2025-04-09 16:50:52] Edit products UI page loaded. ###END###
[2025-04-09 16:51:35] Edit products UI page loaded. ###END###
[2025-04-09 16:52:43] Edit products UI page loaded. ###END###
[2025-04-09 16:52:46] Edit products UI page loaded. ###END###
[2025-04-09 16:57:19] Edit products UI page loaded. ###END###
[2025-04-09 16:57:21] Edit products UI page loaded. ###END###
[2025-04-09 16:59:07] Edit products UI page loaded. ###END###
[2025-04-09 16:59:09] Edit products UI page loaded. ###END###
[2025-04-09 16:59:22] Edit products UI page loaded. ###END###
[2025-04-09 17:00:26] Edit products UI page loaded. ###END###
[2025-04-09 17:01:56] Edit products UI page loaded. ###END###
[2025-04-09 17:02:31] Edit products UI page loaded. ###END###
[2025-04-09 17:02:56] Edit products UI page loaded. ###END###
[2025-04-09 17:03:09] Edit products UI page loaded. ###END###
[2025-04-09 17:05:10] Edit products UI page loaded. ###END###
[2025-04-09 17:05:10] Fetching products from database. ###END###
[2025-04-09 17:05:10] Database credentials: Server - 10.50.10.94, Database - uniform_orders ###END###
[2025-04-09 17:05:10] Products fetched: [{"product_id":380,"code":"SM-L500","name":"Port Authority  Ladies Silk Touch  Polo","image":"product-images\/sm-l500.jpg","description":"An enduring favorite, our comfortable classic polo is anything but ordinary. With superior wrinkle and shrink resistance, a silky soft hand and an incredible range of styles, sizes and colors, it's a first-rate choice for uniforming just about any group.","keep":1,"product_type":"0"},{"product_id":406,"code":"SM-LST630","name":"Sport Tek  Ladies Embossed PosiCharge  Tough Polo","image":"product-images\/sm-lst630.jpg","description":"Tough enough to conquer moisture, snags and color bleed, this smooth polo also features a subtle, allover embossed geometric pattern.","keep":0,"product_type":"0"},{"product_id":414,"code":"SM-MM7101","name":"Mercer+Mettle  Women s Faille Soft Shell","image":"product-images\/sm-mm7101.jpg","description":"For rain-repelling and work-life blending, this shell has a refined, easy-moving shape and technical DWR-finished fabric. Reverse coil zip pockets keep essentials dry, safe and in place while the black, oxidized molded zipper extends through the collar.","keep":0,"product_type":"0"},{"product_id":442,"code":"SM-OG150","name":"OGIO  Command Polo","image":"product-images\/sm-og150.jpg","description":"Mixing OGIO edge with a hint of fine merino wool, this polo takes command in the office or anywhere you go.","keep":0,"product_type":"0"},{"product_id":418,"code":"SM-P180","name":"Hanes EcoSmart  Full Zip Hooded Sweatshirt","image":"product-images\/sm-p180.jpg","description":"Full-Zip Hooded Sweatshirt","keep":1,"product_type":"0"},{"product_id":420,"code":"SM-PC55","name":"Port   Company   Core Blend Tee","image":"product-images\/sm-pc55.jpg","description":"A reliable choice for comfort, softness and durability.","keep":0,"product_type":"0"},{"product_id":417,"code":"SM-TLCS412","name":"CornerStone  Tall Select Snag Proof Polo","image":"product-images\/sm-tlcs412.jpg","description":"Tough enough for most general work environments, this high-performance polo defies snags, resists wrinkles, fights odors and wicks moisture so you keep your professional edge all day long.","keep":0,"product_type":"0"},{"product_id":416,"code":"SM-TLJ317","name":"Port Authority  Tall Core Soft Shell Jacket","image":"product-images\/sm-tlj317.jpg","description":"A reliable soft shell at a real value. This go-to basic sheds wind and rain and is a perfect choice for corporate or team uniforming.","keep":0,"product_type":"0"},{"product_id":411,"code":"SM-TLJ705","name":"Port Authority  Tall Textured Soft Shell Jacket","image":"product-images\/sm-tlj705.jpg","description":"Perfect for everyday wear, our soft shell jackets have an understated texture that make them a bit more sophisticated than other soft shells. Super soft with stretch, these wind-resistant, water-repellent jackets deliver pure comfort. The raglan","keep":0,"product_type":"0"},{"product_id":427,"code":"SM-TLJ790","name":"Port Authority  Tall Glacier  Soft Shell Jacket","image":"product-images\/sm-tlj790.jpg","description":"One of our most popular jackets, the Glacier is constructed from a polyester stretch woven shell, which is then bonded to polyester microfleece with an added laminate film insert. The result is a water-resistant jacket with stretch that\u2019s perfect for","keep":0,"product_type":"0"},{"product_id":428,"code":"SM-TLK100","name":"Port Authority  Tall Core Classic Pique Polo","image":"product-images\/sm-tlk100.jpg","description":"An indispensable polo for just about every uniforming need. Designed for everyday wear, this pique polo is made from a durable blend for lived-in comfort, traditional good looks and exceptional value.","keep":0,"product_type":"0"},{"product_id":437,"code":"SM-TLK420","name":"Port Authority  Tall Heavyweight Cotton Pique Polo","image":"product-images\/sm-tlk420.jpg","description":"A favorite year after year, these polos are known for their exceptional range of colors, styles and sizes. The soft pique knit is shrink-resistant and easy to care for, so your group will always look its best.","keep":0,"product_type":"0"},{"product_id":425,"code":"SM-TLK455","name":"Port Authority  Tall Rapid Dry  Polo","image":"product-images\/sm-tlk455.jpg","description":"Soft and breathable, this baby pique polo has our exclusive Rapid Dry\u2122 moisture-wicking technology. This unique knit has a soft inner layer which wicks moisture away from your skin to the shirt's surface where it quickly disperses and evaporates.","keep":0,"product_type":"0"},{"product_id":439,"code":"SM-TLK500","name":"Port Authority  Tall Silk Touch  Polo","image":"product-images\/sm-tlk500.jpg","description":"An enduring favorite, our comfortable classic polo is anything but ordinary. With superior wrinkle and shrink resistance, a silky soft hand and an incredible range of styles, sizes and colors, it's a first-rate choice for uniforming just about any group.","keep":0,"product_type":"0"},{"product_id":424,"code":"SM-TLK500LS","name":"Port Authority  Tall Silk Touch  Long Sleeve Polo","image":"product-images\/sm-tlk500ls.jpg","description":"A favorite for years, our Silk Touch\u2122 polo is soft, supple and easy to care for. The silky smooth pique knit resists wrinkles while the classic long sleeve style looks great on everyone.","keep":0,"product_type":"0"},{"product_id":426,"code":"SM-TLK500P","name":"Port Authority  Tall Silk Touch  Polo with Pocket","image":"product-images\/sm-tlk500p.jpg","description":"Our popular Silk Touch\u2122 polo\u2014enhanced with a left chest pocket.","keep":0,"product_type":"0"},{"product_id":436,"code":"SM-TLK510","name":"Port Authority  Tall Stain Release Polo","image":"product-images\/sm-tlk510.jpg","description":"We've taken our classic silhouette and added superior wrinkle and shrink resistance. Odor-fighting properties help minimize odor. We completed the moisture-wicking polo with a stain-release finish for long-lasting, professional wear.","keep":0,"product_type":"0"},{"product_id":435,"code":"SM-TLK527","name":"Port Authority  Tall Tech Pique Polo","image":"product-images\/sm-tlk527.jpg","description":"This polo is a working person's dream","keep":0,"product_type":"0"},{"product_id":434,"code":"SM-TLS508","name":"Port Authority  Tall Short Sleeve Easy Care Shirt","image":"product-images\/sm-tls508.jpg","description":"This comfortable wash-and-wear shirt is indispensable for the workday. Wrinkle resistance makes this shirt a cut above the competition so you and your staff can be, too.","keep":0,"product_type":"0"},{"product_id":423,"code":"SM-TLS608","name":"Port Authority  Tall Long Sleeve Easy Care Shirt","image":"product-images\/sm-tls608.jpg","description":"This comfortable wash-and-wear shirt is indispensable for the workday. Wrinkle resistance makes this shirt a cut above the competition so you and your staff can be, too.","keep":0,"product_type":"0"},{"product_id":432,"code":"SM-TS658","name":"Port Authority  Tall SuperPro  Oxford Shirt","image":"product-images\/sm-ts658.jpg","description":"Look your best in a tried-and-true oxford that performs. Designed to release stains, our wrinkle-resistant SuperPro Oxford has a soft hand to keep you looking neat and professional all day long.","keep":0,"product_type":"0"},{"product_id":438,"code":"SM-TST350","name":"Sport Tek  Tall PosiCharge  Competitor   Tee","image":"product-images\/sm-tst350.jpg","description":"Lightweight, roomy and highly breathable, these moisture-wicking, value-priced tees feature PosiCharge technology to lock in color and prevent logos from fading.","keep":0,"product_type":"0"},{"product_id":440,"code":"SM-TST655","name":"Sport Tek Tall Sport Wick Polo","image":"product-images\/sm-tst655.jpg","description":"Smooth, snag-resistant and moisture-wicking micropique with colorblock panels.","keep":0,"product_type":"0"},{"product_id":443,"code":"SM-TST850","name":"Sport Tek  Tall Sport Wick  Stretch 1\/4 Zip Pullover","image":"product-images\/sm-tst850.jpg","description":"An extremely flexible layer with a soft-brushed backing and moisture control for year-round comfort.","keep":0,"product_type":"0"},{"product_id":429,"code":"SM-TW100","name":"Port Authority   Tall Long Sleeve Carefree Poplin Shirt","image":"product-images\/sm-tw100.jpg","description":"Lightweight and breathable, our cotton-rich shirts keep their professional edge thanks to a stain-release finish, which releases stains during washing. Budget-friendly and durable, these virtually carefree shirts feature an Easy Care blend and finish.","keep":0,"product_type":"0"},{"product_id":433,"code":"SM-Y100","name":"Port Authority  Youth Core Classic Pique Polo","image":"product-images\/sm-y100.jpg","description":"An indispensable polo for just about every uniforming need. Designed for everyday wear, this pique polo is made from a durable blend for lived-in comfort, traditional good looks and exceptional value.","keep":1,"product_type":"0"},{"product_id":350,"code":"SM-K500","name":"Port Authority  Silk Touch  Polo","image":"product-images\/sm-k500.jpg","description":"An enduring favorite, our comfortable classic polo is anything but ordinary. With superior wrinkle and shrink resistance, a silky soft hand and an incredible range of styles, sizes and colors, it's a first-rate choice for uniforming just about any group.","keep":1,"product_type":"1"},{"product_id":364,"code":"SM-K524","name":"Port Authority  Dry Zone  Colorblock Ottoman Polo","image":"product-images\/sm-k524.jpg","description":"We took the Dry Zone\u00ae moisture-wicking performance from our solid ottoman polos and added colorblocking on the collar, sides and sleeves. Colorfast and snag-resistant, this hardworking shirt is ready to do business.","keep":1,"product_type":"1"},{"product_id":206,"code":"266998","name":"Nike Tech Sport Dri-FIT Polo.","image":"product-images\/266998.jpg","description":"Built from Dri-FIT fabric, this polo helps keep you cool and dry. The stitch-trimmed gussets make a distinctive statement and allow for easy movement. The design features a self-fabric collar, three-button placket and open hem sleeves.","keep":1,"product_type":"2"},{"product_id":171,"code":"BB18005","name":"Brooks Brothers Women's Casual Oxford ","image":"product-images\/bb18005.jpg","description":"Originally invented in 1900, this iconic silhouette embodies the off-duty professional look whether you dress it up or keep it casual. ","keep":1,"product_type":"2"},{"product_id":197,"code":"BB18007","name":"Brooks Brothers Women's Full-Button Satin Blouse","image":"product-images\/bb18007.jpg","description":"Add a touch of sophistication with this versatile blouse, made from a soft satin fabric featuring a subtle sheen. Designed for a classic fit with traditional flair.","keep":1,"product_type":"2"},{"product_id":181,"code":"BB18008","name":"Brooks Brothers Wrinkle Free Stretch Patterned Shirt","image":"product-images\/bb18008.jpg","description":"Make a statement with this classic woven shirt, featuring a subtle glen plaid pattern and a comfortable fit. A premium treatment process keeps it wrinkle-free.","keep":1,"product_type":"2"},{"product_id":120,"code":"BB18203","name":"Brooks Brothers Women's Mid-Layer Stretch 1\/2-Button","image":"product-images\/bb18203.jpg","description":"Structured double-knit style with a luxuriously soft hand, this pullover skips the traditional zipper in favor of a relaxed, elevated look.","keep":1,"product_type":"2"},{"product_id":152,"code":"BC6400","name":"BELLA+CANVAS  Women's Relaxed Jersey Short Sleeve Tee","image":"product-images\/bc6400.jpg","description":"Women's Relaxed Jersey Short Sleeve Tee.","keep":1,"product_type":"2"},{"product_id":183,"code":"K831","name":"Port Authority Fine Pique Blend Blocked Polo","image":"product-images\/k831.jpg","description":"Bold colorblocking on the chest, sleeves and back yoke give this moisture-wicking polo instant appeal whether you're going 18 or going into the office.","keep":1,"product_type":"2"},{"product_id":209,"code":"L572","name":"Port Authority Ladies Dry Zone Grid Polo","image":"product-images\/l572.jpg","description":"With a grid-like texture, this durable, smartly priced polo wicks moisture and controls odor--making it a favorite for team uniforming.","keep":1,"product_type":"2"},{"product_id":199,"code":"LOG130","name":"OGIO Ladies Metro Polo","image":"product-images\/log130.jpg","description":"A fresh, fashionable style that performs with big-city sophistication.","keep":1,"product_type":"2"},{"product_id":109,"code":"LPC380","name":"Port & Company Ladies Performance Tee","image":"product-images\/charcoal_lpc380.jpg","description":"Rated UPF50 to help combat harmful UV rays, this tee also performs with Dry Zone  moisture-wicking technology to keep you cool, dry and comfortable.","keep":1,"product_type":"2"},{"product_id":200,"code":"LST653","name":"Sport-Tek Ladies Micropique Sport-Wick Piped Polo","image":"product-images\/lst653.jpg","description":"Piping on the shoulders and back give this moisture-wicking, snag-resistant polo sporty contrast.","keep":1,"product_type":"2"},{"product_id":207,"code":"S608ES","name":"Port Authority Extended Size Long Sleeve Easy Care Shirt","image":"product-images\/s608es.jpg","description":"Comfortable wash and wear shirt","keep":1,"product_type":"2"},{"product_id":212,"code":"SM-64000L","name":"Gildan Softstyle Ladies T-Shirt","image":"product-images\/sm-6400l.jpg","description":"4.5-ounce, 100% ring spun cotton, tear away label, seam fitted.","keep":1,"product_type":"2"},{"product_id":186,"code":"SM-8000","name":"SanMar 8000 T-shirt","image":"product-images\/sm-8000.jpg","description":"Gildan\u00a0- DryBlend\u00a050 Cotton\/50 Poly T-Shirt","keep":1,"product_type":"2"},{"product_id":187,"code":"SM-8400","name":"SanMar 8400","image":"product-images\/sm-8400.jpg","description":"5.5-ounce, 50\/50 cotton\/poly","keep":1,"product_type":"2"},{"product_id":189,"code":"SM-BB18004","name":"SanMar Oxford Shirt","image":"product-images\/sm-bb18004.jpg","description":"Originally invented in 1900, this iconic silhouette embodies the off-duty professional look whether you dress it up or keep it casual.","keep":1,"product_type":"2"},{"product_id":268,"code":"SM-CS10LONG","name":"Red Kap  Long Size  Long Sleeve Striped Industrial Work Shirt","image":"product-images\/sm-cs10long.jpg","description":"This hardworking IL50 style has a professional stripe and is tested through 50 industrial launderer washes","keep":0,"product_type":"2"},{"product_id":242,"code":"SM-CS20","name":"Red Kap  Short Sleeve Striped Industrial Work Shirt","image":"product-images\/sm-cs20.jpg","description":"This hardworking IL50 style has a professional stripe and is tested through 50 industrial launderer washes","keep":0,"product_type":"2"},{"product_id":224,"code":"SM-CS200","name":"CornerStone ANSI 107 Class 2 Mesh Tee","image":"product-images\/sm-cs200.jpg","description":"Update this description.","keep":1,"product_type":"2"},{"product_id":292,"code":"SM-CS201","name":"CornerStone    ANSI 107 Class 2 Mesh Long Sleeve Tee","image":"product-images\/sm-cs201.jpg","description":"This breathable, moisture-wicking mesh tee delivers high visibility and on-the-job comfort","keep":1,"product_type":"2"},{"product_id":247,"code":"SM-CS410","name":"CornerStone Select Snag Proof Tactical Polo","image":"product-images\/sm-cs410.jpg","description":"With strategically placed mic clips and dual pen pockets, our tactical polo is designed for event staff, security and law enforcement. Built for performance, this snag-proof, moisture-wicking, odor-fighting shirt will keep you sharp and professional-looki","keep":1,"product_type":"2"},{"product_id":297,"code":"SM-CS410LS","name":"CornerStone Select Long Sleeve Snag Proof Tactical Polo","image":"product-images\/sm-cs410ls.jpg","description":"With strategically placed mic clips and dual pen pockets, our tactical polos are designed for event staff, security and law enforcement. Built for performance, these snag-proof, moisture-wicking, odor-fighting shirts will keep you sharp and professional.","keep":1,"product_type":"2"},{"product_id":257,"code":"SM-CS411","name":"CornerStone    Ladies Select Snag Proof Tactical Polo","image":"product-images\/sm-cs411.jpg","description":"With strategically placed mic clips and dual pen pockets, our tactical polo is designed for event staff, security and law enforcement. Built for performance, this snag-proof, moisture-wicking, odor fighting shirt will keep you sharp and professional","keep":1,"product_type":"2"},{"product_id":232,"code":"SM-CS419","name":"CornerStone  Ladies Select Lightweight Snag Proof Polo","image":"product-images\/sm-cs419.jpg","description":"A heavy-duty workhorse at a lighter weight than our standard snag-proof polo. Moisture-wicking and odor-fighting, this hardworking shirt is also exceptionally durable.","keep":1,"product_type":"2"},{"product_id":240,"code":"SM-CS626","name":"CornerStone  1\/2 Zip Job Shirt","image":"product-images\/sm-cs626.jpg","description":"Developed with emergency services pros in mind, our versatile, durable job shirt is made to layer over a uniform shirt or under a jacket.","keep":1,"product_type":"2"},{"product_id":226,"code":"SM-CT102417","name":"Carhartt Force   Ridgefield Solid Short Sleeve Shirt","image":"product-images\/sm-ct102417.jpg","description":"The same benefits as our long sleeve, just in a short sleeve. The quick-drying design of this lightweight, woven shirt sheds sweat to regulate your body temperature in a range of conditions","keep":0,"product_type":"2"},{"product_id":230,"code":"SM-CTTK87","name":"Carhartt   Tall Workwear Pocket Short Sleeve T Shirt","image":"product-images\/sm-cttk87.jpg","description":"Carhartt\u2019s bestselling, no-quit, original work shirt. A classic for 25 years.","keep":0,"product_type":"2"},{"product_id":260,"code":"SM-DM1350L","name":"District Women's Perfect Tri V-Neck Tee","image":"product-images\/sm-dm1350l.jpg","description":"Lightweight and extra soft, this tee is perfect","keep":1,"product_type":"2"},{"product_id":285,"code":"SM-DT132L","name":"District Women s Perfect Tri  Long Sleeve Tunic Tee","image":"product-images\/sm-dt132l.jpg","description":"Long sleeve tunic version of our lightweight and soft crew.","keep":1,"product_type":"2"},{"product_id":270,"code":"SM-DT7501","name":"District Women s Flex Scoop Neck Tee","image":"product-images\/sm-dt7501.jpg","description":"A hint of stretch. All-day comfort.","keep":1,"product_type":"2"},{"product_id":347,"code":"SM-K100","name":"Port Authority  Core Classic Pique Polo","image":"product-images\/sm-k100.jpg","description":"An indispensable polo for just about every uniforming need. Designed for everyday wear, this pique polo is made from a durable blend for lived-in comfort, traditional good looks and exceptional value.","keep":1,"product_type":"2"},{"product_id":349,"code":"SM-K100LS","name":"Port Authority  Long Sleeve Core Classic Pique Polo","image":"product-images\/sm-k100ls.jpg","description":"An indispensable polo for just about every uniforming need. Designed for everyday wear, this pique polo is made from a durable blend for lived-in comfort, traditional good looks and exceptional value.","keep":1,"product_type":"2"},{"product_id":365,"code":"SM-K540","name":"Port Authority  Silk Touch  Performance Polo","image":"product-images\/sm-k540.jpg","description":"We took our legendary Silk Touch Polo and made it work even harder. The durable, easy care Silk Touch Performance Polo wicks moisture, resists snags and thanks to PosiCharge\u00ae technology, holds onto its color for a professional look that lasts.","keep":1,"product_type":"2"},{"product_id":368,"code":"SM-K8000","name":"Port Authority  EZCotton  Polo","image":"product-images\/sm-k8000.jpg","description":"It wasn\u2019t easy making EZCotton better, but we did. Still made of soft, smooth, durable 100% cotton pique, our new EZCotton Polo boasts an updated fit and a collar that resists curling. It also resists shrinking, wrinkling, pilling and fading with ease.","keep":1,"product_type":"2"},{"product_id":372,"code":"SM-K8000LS","name":"Port Authority   EZCotton  Long Sleeve Polo","image":"product-images\/sm-k8000ls.jpg","description":"It wasn\u2019t easy making EZCotton better, but we did. Still made of soft, smooth, durable 100% cotton pique, our EZCotton Polo boasts an updated fit and a collar that resists curling. It also resists shrinking, wrinkling, pilling and fading with ease.","keep":1,"product_type":"2"},{"product_id":369,"code":"SM-KP55T","name":"Port and Company Tall Core Blend Jersey Knit Polo","image":"product-images\/sm-kp55t.jpg","description":"With an easy-to-care-for blend and a stain-release finish, this comfortable polo is a real value.","keep":1,"product_type":"2"},{"product_id":370,"code":"SM-KP55Y","name":"Port   Company  Youth Core Blend Jersey Knit Polo","image":"product-images\/sm-kp55y.jpg","description":"With an easy-to-care-for blend and a stain-release finish, this comfortable polo is a real value.","keep":1,"product_type":"2"},{"product_id":379,"code":"SM-L469","name":"Sport Tek  Ladies Dri Mesh  V Neck Polo","image":"product-images\/sm-l469.jpg","description":"Our double poly mesh construction wicks moisture better for superior breathability and comfort.","keep":1,"product_type":"2"},{"product_id":384,"code":"SM-L500LS","name":"Port Authority  Ladies Silk Touch  Long Sleeve Polo","image":"product-images\/sm-l500ls.jpg","description":"A favorite for years, our Silk Touch\u2122 polo is soft, supple and easy to care for. The silky smooth pique knit resists wrinkles while the classic long sleeve style looks great on everyone.","keep":1,"product_type":"2"},{"product_id":385,"code":"SM-L508","name":"Port Authority  Ladies Short Sleeve Easy Care  Shirt","image":"product-images\/sm-l508.jpg","description":"This comfortable wash-and-wear shirt is indispensable for the workday. Wrinkle resistance makes this shirt a cut above the competition so you and your staff can be, too.","keep":1,"product_type":"2"},{"product_id":383,"code":"SM-L528","name":"Port Authority  Ladies Performance Fine Jacquard Polo","image":"product-images\/sm-l528.jpg","description":"Lightweight and breathable, this moisture-wicking shirt has a pleasing drape, subtle jacquard texture and an open placket for feminine style.","keep":0,"product_type":"2"},{"product_id":381,"code":"SM-L562","name":"Port Authority  Ladies Silk Touch  3\/4 Sleeve Polo","image":"product-images\/sm-l562.jpg","description":"Our silky soft, classic polo in a popular sleeve length.","keep":1,"product_type":"2"},{"product_id":389,"code":"SM-L654","name":"Port Authority  Ladies Long Sleeve Gingham Easy Care Shirt","image":"product-images\/sm-l654.jpg","description":"A fresh alternative to a solid-color shirt, our gingham check pattern is office-ready. Crafted in an Easy Care blend, this poplin style resists wrinkles and features bias-cut details.","keep":0,"product_type":"2"},{"product_id":298,"code":"SM-L659","name":"Port Authority  Ladies Short Sleeve SuperPro  Oxford Shirt","image":"product-images\/sm-l659.jpg","description":"Look your best in a tried-and-true oxford that performs. Designed to release stains, our wrinkle-resistant SuperPro Oxford has a soft hand to keep you looking neat and professional all day long.","keep":0,"product_type":"2"},{"product_id":391,"code":"SM-LK110","name":"Port Authority  Ladies Dry Zone  UV Micro Mesh Polo","image":"product-images\/sm-lk110.jpg","description":"Our durable, moisture-wicking Dry Zone polo\u2014now with UV protection. An exceptional value, this breathable mesh polo also resists snags. Colors coordinate with our Core Classic Pique Polos and Carefree Poplin Shirts.","keep":0,"product_type":"2"},{"product_id":386,"code":"SM-LK111","name":"Port Authority  Ladies Dry Zone  UV Micro Mesh Tipped Polo","image":"product-images\/sm-lk111.jpg","description":"Tipping on the collar and cuffs gives our durable, value-priced favorite a fresh look. Designed to perform, this moisture-wicking, breathable mesh polo also resists UV rays and snags. Colors coordinate with our Core Classic Pique Polos and Carefree","keep":0,"product_type":"2"},{"product_id":393,"code":"SM-LK583","name":"Port Authority   Ladies Stretch Heather Open Neck Top","image":"product-images\/sm-lk583.jpg","description":"With an elevated heather look, this office-ready top has plenty of stretch for unrestricted movement.","keep":0,"product_type":"2"},{"product_id":398,"code":"SM-LOG101","name":"OGIO Jewel Polo","image":"product-images\/sm-log101.jpg","description":"Impeccably designed for women everywhere, the Jewel has a contoured fit and streamlined style.","keep":0,"product_type":"2"},{"product_id":397,"code":"SM-LOG105","name":"OGIO Glam Polo","image":"product-images\/sm-log105.jpg","description":"Designed to handle the curves, the Glam has a contoured fit and unique open hem cuffs with O debossed metal snaps.","keep":0,"product_type":"2"},{"product_id":400,"code":"SM-LPC450VLS","name":"Port   Company  Ladies Long Sleeve Fan Favorite   V Neck Tee","image":"product-images\/sm-lpc450vls.jpg","description":"You'll be the biggest fan around of this 100% ring spun cotton tee.","keep":0,"product_type":"2"},{"product_id":401,"code":"SM-LPC54LS","name":"Port Company Ladies Long Sleeve Core Cotton Tee","image":"product-images\/sm-lpc54ls.jpg","description":"An indispensable t-shirt in our classic silhouette--with a very friendly price.","keep":1,"product_type":"2"},{"product_id":405,"code":"SM-LST650","name":"Sport Tek  Ladies Micropique Sport Wick  Polo","image":"product-images\/sm-lst650.jpg","description":"Smooth micropique polos that wick moisture and resist snags.","keep":1,"product_type":"2"},{"product_id":402,"code":"SM-LST660","name":"Sport Tek  Ladies Heather Contender  Polo","image":"product-images\/sm-lst660.jpg","description":"This heathered style is sure to be a contender for your favorite moisture-wicking, snag-resistant polo. Lightweight and breathable, it excels at sports or casual events and it's an exceptional value.","keep":0,"product_type":"2"},{"product_id":296,"code":"SM-LW400","name":"Port Authority   Ladies Short Sleeve Performance Staff Shirt","image":"product-images\/sm-lw400.jpg","description":"Be ready to perform your very best with these shirts designed with stain release, odor-fighting and moisture-wicking technologies","keep":1,"product_type":"2"},{"product_id":252,"code":"SM-LW644","name":"Port Authority   Ladies Broadcloth Gingham Easy Care Shirt","image":"product-images\/sm-lw644.jpg","description":"Banish boring office attire! Created with traditional gingham colors and scale, our wrinkle-resistant shirts offer Easy Care convenience and everyday wearability. ","keep":1,"product_type":"2"},{"product_id":235,"code":"SM-LW680","name":"Port Authority Ladies City Stretch Tunic","image":"product-images\/sm-lw680.jpg","description":"Comfort and performance meet classic corporate style. Odor-fighting, wrinkle-resistant and moisture-wicking, these looks have just the right amount of stretch to keep up with a busy day.","keep":1,"product_type":"2"},{"product_id":412,"code":"SM-LW701","name":"Port Authority   Ladies 3\/4 Sleeve Tunic Blouse","image":"product-images\/sm-lw701.jpg","description":"Transition seamlessly from professional life to play in this comfortable and flattering tunic blouse.","keep":1,"product_type":"2"},{"product_id":419,"code":"SM-PC54","name":"Port Company Core Cotton Tee","image":"product-images\/sm-pc54.jpg","description":"An indispensable t-shirt in our classic silhouette\u2014with a very friendly price.","keep":1,"product_type":"2"},{"product_id":421,"code":"SM-PC61","name":"Port and Company   Essential Tee","image":"product-images\/sm-pc61.jpg","description":"A year-round essential, our best-selling t-shirt has been voted \"most popular\" by groups, teams, clubs and schools across America.","keep":1,"product_type":"2"},{"product_id":415,"code":"SM-S663","name":"Port Authority SuperPro Twill Shirt","image":"product-images\/sm-s663.jpg","description":"A heavy hitter in performance, our SuperPro Twill Shirt easily resists wrinkles while releasing stains. Designed for comfort, this versatile shirt functions well in almost any work environment from the office to food service.","keep":1,"product_type":"2"},{"product_id":413,"code":"SM-ST650","name":"Sport Tek  Micropique Sport Wick  Polo","image":"product-images\/sm-st650.jpg","description":"Smooth micropique polos that wick moisture and resist snags.","keep":1,"product_type":"2"},{"product_id":408,"code":"SM-TK469","name":"Sport Tek  Tall Dri Mesh  Polo","image":"product-images\/sm-tk469.jpg","description":"When you get active, stay confident with the advanced double poly mesh construction of Dri-Mesh\u00ae. Engineered to wick moisture with ease, this lightweight polo has superior breathability to help you keep your cool.","keep":1,"product_type":"2"},{"product_id":407,"code":"SM-TLCS410","name":"CornerStone Tall Select Snag Proof Tactical Polo","image":"product-images\/sm-tlcs410.jpg","description":"With strategically placed mic clips and dual pen pockets, our tactical polo is designed for event staff, security and law enforcement. Built for performance, this snag-proof, moisture-wicking, odor-fighting shirt will keep you sharp and","keep":1,"product_type":"2"},{"product_id":445,"code":"SM-TLK500","name":"Port Authority Tall Silk Touch Polo","image":"product-images\/sm-tlk500.jpg","description":"An enduring favorite, our comfortable classic polo is anything but ordinary","keep":1,"product_type":"2"},{"product_id":441,"code":"SM-TLK540","name":"Port Authority  Tall Silk Touch  Performance Polo","image":"product-images\/sm-tlk540.jpg","description":"We took our legendary Silk Touch Polo and made it work even harder. The durable, easy care Silk Touch Performance Polo wicks moisture, resists snags and thanks to PosiCharge\u00ae\u00a0technology, holds onto its color for a professional look that lasts. There's","keep":0,"product_type":"2"},{"product_id":430,"code":"SM-TS663","name":"Port Authority Tall SuperPro Twill Shirt","image":"product-images\/sm-ts663.jpg","description":"A heavy hitter in performance, our SuperPro Twill Shirt easily resists wrinkles while releasing stains. Designed for comfort, this versatile shirt functions well in almost any work environment\u2014from the office to food service.","keep":0,"product_type":"2"},{"product_id":422,"code":"SM-TST650","name":"Sport Tek  Tall Micropique Sport Wick  Polo","image":"product-images\/sm-tst650.jpg","description":"We've taken our Sport-Wick\u00ae moisture-wicking technology and crafted a flat tricot micropique for a smoother, tighter fabric. Not just a sharp look\u2014it's snag resistant, too.","keep":0,"product_type":"2"},{"product_id":446,"code":"SM-TW100","name":"Port Authority Tall Long Sleeve Carefree Poplin Shirt","image":"product-images\/sm-tw500.jpg","description":"Lightweight and breathable, our cotton-rich shirts keep their professional edge thanks to a stain-release finish, which releases stains during washing","keep":1,"product_type":"2"},{"product_id":208,"code":"ST695","name":"Sport-Tek PosiCharge Active Textured Colorblock Polo","image":"product-images\/st695.jpg","description":"Colorblocking at the sleeves and sides, along with an understated texture, give this snag-resistant, moisture-wicking polo plenty of sporty interest. PosiCharge technology ensures colorfastness and optimal printability.","keep":1,"product_type":"2"},{"product_id":91,"code":"TLCS418","name":"CornerStone Tall Select Lightweight Snag-Proof Polo","image":"product-images\/tlcs418.jpg","description":"A heavy-duty workhorse at a lighter weight than our standard snag-proof polo.","keep":1,"product_type":"2"},{"product_id":132,"code":"TLS600T","name":"Port Authority Tall Long Sleeve Twill Shirt","image":"product-images\/tls600t.jpg","description":"Our twill shirt has a professional appearance with comfortable, garment-washed softness.","keep":1,"product_type":"2"},{"product_id":163,"code":"Y100","name":"Port Authority Youth Core Classic Pique Polo","image":"product-images\/burgundy_y100.jpg","description":"An indispensable polo for just about every uniform need.","keep":1,"product_type":"2"},{"product_id":211,"code":"SM-C112","name":"Richardson Trucker Hat","image":"product-images\/c112.jpg","description":"The Original 112 is the reference standard in truckers. Classic trucker cap style built with the Richardson quality and consistent fit you\u2019ve come to expect. 50+ colorways and 50+ years of product excellence are just a few reasons this is the most popular","keep":1,"product_type":"3"},{"product_id":190,"code":"SM-C806","name":"SanMar Cap","image":"product-images\/sm-c806.jpg","description":"Hat","keep":1,"product_type":"3"},{"product_id":191,"code":"SM-C812","name":"SanMar Cap","image":"product-images\/sm-c812.jpg","description":"An ultra-breathable cap with the Flexfit stretch for a comfortable fit. A silver contrast underbill adds character to this trucker-style cap","keep":1,"product_type":"3"},{"product_id":33,"code":"SM-C821","name":"Port Authority\u00a0Perforated Cap.","image":"product-images\/sm-c821.jpg","description":"This super lightweight cap\u2014perfect for golf and other hot weather activities\u2014has four perforated back panels for breathability and moisture-wicking performance.","keep":1,"product_type":"3"},{"product_id":452,"code":"BB18403","name":"Brooks Brothers Women's Cotton Stretch Long Cardigan Sweater","image":"product-images\/bb18403.jpg","description":"This timeless cardigan features an open front and longer length for easy wear-over-anything style.","keep":1,"product_type":"4"},{"product_id":154,"code":"BB18601","name":"Brooks Brothers Women's Quilted Jacket","image":"product-images\/bb18601.jpg","description":"With a flattering, low-profile fit and a refined look, this supple diamond-quilted jacket is designed to resist water and provide warmth when you need it.","keep":1,"product_type":"4"},{"product_id":161,"code":"C2RW103S1Y","name":"Radwear Lightweight Class E Rain Pants and Class 3 Type R Jackets","image":"product-images\/c2rw103s1y.jpg","description":"The lightweight rain pants and jacket has Reflectivz weatherproof and high visibility technology.","keep":0,"product_type":"4"},{"product_id":454,"code":"CT104314","name":"Carhartt Women's Gilliam Jacket","image":"product-images\/ct104314.jpg","description":"Keep working through cold, wet weather in this women's version of our popular Gilliam Jacket.","keep":1,"product_type":"4"},{"product_id":457,"code":"EB205","name":"Eddie Bauer Women's Fleece Vest","image":"product-images\/black_eb205.jpg","description":"Ward off early morning chills by insulating your core with this soft, cozy vest","keep":1,"product_type":"4"},{"product_id":456,"code":"EB511","name":"Eddie Bauer Women's Quilted Jacket","image":"product-images\/eb511.jpg","description":"Minimal bulk meets maximized performance in this quilted jacket that is built for your cold-weather adventures.","keep":1,"product_type":"4"},{"product_id":196,"code":"L151","name":"Port Authority Ladies Accord Microfleece Jacket","image":"product-images\/l151.jpg","description":"Soft, lightweight and low-profile, this anti-pill microfleece jacket provides lightweight layering and is appropriate for any uniforming program-including healthcare professionals","keep":1,"product_type":"4"},{"product_id":455,"code":"L7620","name":"Port Authority Women's Denim Jacket","image":"product-images\/l7620.jpg","description":"We took the classic denim jacket and reworked it into a figure-flattering style for her with a more modern fit, improved wash treatment and bronze buttons.","keep":1,"product_type":"4"},{"product_id":447,"code":"LNEA228","name":"New Era Women's Power 1\/2-Zip","image":"product-images\/black_lnea228.jpg","description":"With moisture wicking and stretch, this 1\/2-zip empowers your performance.","keep":1,"product_type":"4"},{"product_id":265,"code":"SM-CSJ24","name":"CornerStone    ANSI 107 Class 3 Waterproof Parka","image":"product-images\/sm-csj24.jpg","description":"This seam-sealed parka locks out moisture while helping ensure your safety.","keep":1,"product_type":"4"},{"product_id":254,"code":"SM-CSJ25","name":"CornerStone    ANSI 107 Class 3 Safety Windbreaker","image":"product-images\/sm-csj25.jpg","description":"Stay safer in inclement weather in this high-visibility windbreaker.","keep":1,"product_type":"4"},{"product_id":448,"code":"SM-CSJ70","name":"CornerStone Workwear Soft Shell","image":"product-images\/sm-csj70.webp","description":"Tough jobs call for tough workwear and this water-resistant soft shell fits the bill with a roomy fit for easy layering over hoodies and work shirts.","keep":1,"product_type":"4"},{"product_id":248,"code":"SM-F219","name":"Port Authority  Value Fleece Vest","image":"product-images\/sm-f219.jpg","description":"Ready for layering, this super soft, low-pill, midweight fleece vest offers great warmth at a great price.","keep":1,"product_type":"4"},{"product_id":256,"code":"SM-J317","name":"Port Authority  Core Soft Shell Jacket","image":"product-images\/sm-j317.jpg","description":"A reliable soft shell at a real value. This go-to basic sheds wind and rain and is a perfect choice for corporate or team uniforming.","keep":1,"product_type":"4"},{"product_id":227,"code":"SM-J321","name":"Port Authority  Colorblock 3 in 1 Jacket","image":"product-images\/sm-j321.jpg","description":"With a quilted zip-in liner jacket, our water-resistant Colorblock 3-in-1 Jacket quickly adapts to the elements in the mountains or around the neighborhood.","keep":1,"product_type":"4"},{"product_id":300,"code":"SM-J333","name":"Port Authority  Torrent Waterproof Jacket","image":"product-images\/sm-j333.jpg","description":"Our versatile, fully seam-sealed jacket offers outstanding waterproof protection to keep you dry whether you're on the job or on the trail. Folds into a convenient carry pouch for easy, compact storage.","keep":1,"product_type":"4"},{"product_id":236,"code":"SM-J335","name":"Port Authority  Hooded Core Soft Shell Jacket","image":"product-images\/sm-j335.jpg","description":"Update this description.","keep":1,"product_type":"4"},{"product_id":371,"code":"SM-L130","name":"Port Authority  Ladies Cozy 1\/4 Zip Fleece","image":"product-images\/sm-l130.jpg","description":"Ultra-soft meets cozy warmth in these layerable sherpa fleece pullovers. Ideal for cooler days, they are comfortable, versatile and designed to fend off the chill in style.","keep":0,"product_type":"4"},{"product_id":374,"code":"SM-L219","name":"Port Authority  Ladies Value Fleece Vest","image":"product-images\/sm-l219.jpg","description":"Ready for layering, this super soft, low-pill, midweight fleece vest offers great warmth at a great price","keep":0,"product_type":"4"},{"product_id":373,"code":"SM-L223","name":"Port Authority  Ladies Microfleece Jacket","image":"product-images\/sm-l223.jpg","description":"For cool-to-cold weather, this lightweight microfleece jacket delivers warmth without unnecessary bulk.","keep":0,"product_type":"4"},{"product_id":377,"code":"SM-L226","name":"Port Authority  Ladies Microfleece Vest","image":"product-images\/sm-l226.jpg","description":"Add a layer of warmth with our extra soft, cozy microfleece vest. ","keep":0,"product_type":"4"},{"product_id":376,"code":"SM-L298","name":"Port Authority  Ladies Fleece Blazer","image":"product-images\/sm-l298.jpg","description":"Dress it up or down: Our versatile fleece blazer looks polished with a woven shirt or more casual when paired with a tee.","keep":0,"product_type":"4"},{"product_id":449,"code":"SM-L321","name":"Port Authority Women's Colorblock 3-in-1 Jacket","image":"product-images\/sm-l321.jpg","description":"With a quilted zip-in liner jacket, our water-resistant Colorblock 3-in-1 Jacket quickly adapts to the elements in the mountains or around the neighborhood.","keep":1,"product_type":"4"},{"product_id":375,"code":"SM-L333","name":"Port Authority  Ladies Torrent Waterproof Jacket","image":"product-images\/sm-l333.jpg","description":"Our versatile, fully seam-sealed jacket offers outstanding waterproof protection to keep you dry whether you're on the job or on the trail.","keep":1,"product_type":"4"},{"product_id":378,"code":"SM-L344","name":"Port Authority  Ladies Zephyr Full Zip Jacket","image":"product-images\/sm-l344.jpg","description":"This Zephyr style merges wind- and water-resisting performance with a silky smooth hand. This unlined piece is easy to wear over base or thermal layers. Modern sleek details offer instant appeal at a very appealing price.","keep":1,"product_type":"4"},{"product_id":382,"code":"SM-L5430","name":"Port Authority  Ladies Concept Open Cardigan","image":"product-images\/sm-l5430.jpg","description":"Created from super soft jersey knit, this cardigan fights indoor chill and instantly upgrades any corporate look.","keep":1,"product_type":"4"},{"product_id":390,"code":"SM-L900","name":"Port Authority   Ladies Collective Outer Shell Jacket","image":"product-images\/sm-l900.jpg","description":"This sophisticated, breathable and waterproof shell is fully seam-sealed to fight the elements with a water-shedding durable water-repellent (DWR) finish.","keep":0,"product_type":"4"},{"product_id":387,"code":"SM-L901","name":"Port Authority   Ladies Collective Soft Shell Jacket","image":"product-images\/sm-l901.jpg","description":"With a subtle mini ripstop texture, this stretch soft shell has double-needle stitching throughout and sleek design lines. The water-resistant film and DWR finish combine to resist wind and rain for weather protection.","keep":0,"product_type":"4"},{"product_id":388,"code":"SM-LK5434","name":"Port Authority   Ladies Concept Long Pocket Cardigan","image":"product-images\/sm-lk5434.jpg","description":"A versatile cardigan with ease of movement and a longer length, ideal for a busy life.","keep":0,"product_type":"4"},{"product_id":394,"code":"SM-LM1008","name":"Port Authority  Ladies Concept Stretch Button Front Cardigan","image":"product-images\/sm-lm1008.jpg","description":"An indispensable layering piece, this extra soft cardigan has a shallow scoop neck and drapes nicely.","keep":1,"product_type":"4"},{"product_id":395,"code":"SM-LM2000","name":"Port Authority  Ladies Knit Blazer","image":"product-images\/sm-lm2000.jpg","description":"Mix it up at the office or after work with this versatile, modern blazer. Designed for layering comfort, this easy-to-wear, deconstructed style can go from refined to casual and resist wrinkles all day long.","keep":0,"product_type":"4"},{"product_id":396,"code":"SM-LOE722","name":"OGIO  Ladies Brink Soft Shell","image":"product-images\/sm-loe722.jpg","description":"PERFORMANCE HYBRID -  WATER-RESISTANT - WIND-RESISTANT","keep":0,"product_type":"4"},{"product_id":399,"code":"SM-LST357","name":"Sport Tek  Ladies PosiCharge  Competitor  1\/4 Zip Pullover","image":"product-images\/sm-lst357.jpg","description":"This lightweight pullover locks in color and wicks moisture. It\u2019s versatile enough for year-round wear.","keep":0,"product_type":"4"},{"product_id":404,"code":"SM-LSW287","name":"Port Authority  Ladies Cardigan Sweater","image":"product-images\/sm-lsw287.jpg","description":"A working woman's dream","keep":0,"product_type":"4"},{"product_id":403,"code":"SM-LSW289","name":"Port Authority  Ladies Open Front Cardigan Sweater","image":"product-images\/sm-lsw289.jpg","description":"This soft, cozy cardigan sweater has a flattering drape and features fully-fashioned sleeves for strength and enduring wear. Stylish longer rib knit height details at cuffs and hem.","keep":0,"product_type":"4"},{"product_id":409,"code":"SM-MM3023","name":"Mercer+Mettle  Women s Open Front Cardigan Sweater","image":"product-images\/sm-mm3023.jpg","description":"Soft, comfortable, and as a transitional layer for day or night, this easy care sweater is a refined knit that won\u2019t bag out with wear. Sophisticated details like square patch pockets and a wide, rib bottom hem lend a modern sensibility to accent your","keep":0,"product_type":"4"},{"product_id":451,"code":"SM-NF0A3LHK","name":"The North Face Women's ThermoBall Trekker Jacket","image":"product-images\/SM-NF0A3LHK.jpg","description":"Designed with baffles contoured to fit your body, this streamlined jacket offers lightweight, highly compressible ThermoBall synthetic insulation made with 100% recycled polyester polyfill.","keep":1,"product_type":"4"},{"product_id":450,"code":"SM-NF0A7V4G","name":"The North Face Women's Down Hybrid Jacket","image":"product-images\/SM-NF0A7V4G.jpg","description":"Bringing together the best of natural and high-tech insulation","keep":1,"product_type":"4"},{"product_id":410,"code":"SM-ST264","name":"Sport Tek PosiCharge Sport Wick Heather Fleece Hooded Pullover","image":"product-images\/sm-st264.jpg","description":"As a warm up or cool down layer, this moisture-wicking and color-locking fleece is sure to be a hit.","keep":1,"product_type":"4"},{"product_id":146,"code":"TLJ754","name":"Port Authority Tall Challenger Jacket","image":"product-images\/tlj754.jpg","description":"A long-time favorite, the Challenger has a traditional design and a durable, water-resistant Teklon nylon outer shell to keep you warm and dry.","keep":1,"product_type":"4"},{"product_id":148,"code":"TLJ790","name":"Port Authority Tall Glacier Soft Shell Jacket","image":"product-images\/tlj790.jpg","description":" The Glacier is constructed from a polyester stretch woven shell, which is then bonded to polyester microfleece with an added laminate film insert to repel water.","keep":1,"product_type":"4"},{"product_id":185,"code":"18500","name":"Gildan - Heavy Blend Hooded Sweatshirt","image":"product-images\/antiquecherryred_18500.jpg","description":"8-ounce, 50\/50 cotton\/poly hooded sweatshirt with front pouch pocket.","keep":1,"product_type":"5"},{"product_id":295,"code":"DT665","name":"District Women s Medal Full Zip Hoodie","image":"product-images\/dt665.jpg","description":"Strengthen your style impact with this lightweight hoodie made for ease and versatility.","keep":1,"product_type":"5"},{"product_id":198,"code":"L543","name":"Port Authority Ladies Concept Shrug","image":"product-images\/l543.jpg","description":"Top off your look in style with this shrug that's equally flattering paired with a skirt or jeans.","keep":1,"product_type":"5"},{"product_id":201,"code":"LSW285","name":"Port Authority Ladies V-Neck Sweater","image":"product-images\/lsw285.jpg","description":"A beautiful and versatile addition to any work wardrobe, our fine-gauge v-neck sweater has fully-fashioned sleeves for strength, comfort and longer wear.","keep":1,"product_type":"5"},{"product_id":188,"code":"SM-996M","name":"SanMar Hoodie","image":"product-images\/ash_sm-996m.jpg","description":"8-ounce, 50\/50 cotton\/poly NuBlend pill-resistant fleece","keep":1,"product_type":"5"},{"product_id":250,"code":"SM-CT100614","name":"Carhartt   Rain Defender   Paxton Heavyweight Hooded Zip Front Sweatshirt","image":"product-images\/sm-ct100614.jpg","description":"For those days when a heavy jacket is just too much to wear on the job, this durable, water-repellent sweatshirt is the solution.","keep":1,"product_type":"5"},{"product_id":194,"code":"SM-DT156","name":"District Women's Perfect Tri Hooded Cardigan","image":"product-images\/sm-dt156.jpg","description":"This cardigan is soft and perfect for layering.","keep":1,"product_type":"5"},{"product_id":279,"code":"ST406","name":"Sport Tek PosiCharge Tri Blend Wicking Long Sleeve Hoodie","image":"product-images\/st406.jpg","description":"This ultracomfortable long sleeve hoodie combines moisture-wicking performance, unbeatable softness and PosiCharge technology to lock in color.","keep":1,"product_type":"5"},{"product_id":105,"code":"Boots","name":"Pair of Work Boots","image":"product-images\/brown_boots.jpg","description":"A pair of work boots.","keep":1,"product_type":"7"},{"product_id":453,"code":"18900","name":"Gildan Heavy Blend Fleece Stadium Blanket","image":"product-images\/black_18900.jpg","description":"50\" x 60\", 50\/50 US cotton\/poly blend cozy blanket with brushed interior","keep":1,"product_type":"8"},{"product_id":195,"code":"411053","name":"OGIO - Marshall Pack","image":"product-images\/411053.jpg","description":"This pack protects your laptop, caters to your professional needs and delivers bold OGIO style.","keep":1,"product_type":"8"},{"product_id":125,"code":"BG410","name":"Port Authority Essential Zip Tote","image":"product-images\/bg410.jpg","description":"There's plenty of room to hold the day's essentials in this must-have tote that comes in lots of colors and features a secure zippered top closure.","keep":1,"product_type":"8"}] ###END###
[2025-04-09 17:05:38] Edit products UI page loaded. ###END###
[2025-04-09 17:05:38] Fetching products from database. ###END###
[2025-04-09 17:05:38] Database credentials: Server - 10.50.10.94, Database - uniform_orders ###END###
[2025-04-09 17:05:38] Products fetched: [{"product_id":380,"code":"SM-L500","name":"Port Authority  Ladies Silk Touch  Polo","image":"product-images\/sm-l500.jpg","description":"An enduring favorite, our comfortable classic polo is anything but ordinary. With superior wrinkle and shrink resistance, a silky soft hand and an incredible range of styles, sizes and colors, it's a first-rate choice for uniforming just about any group.","keep":1,"product_type":"0"},{"product_id":406,"code":"SM-LST630","name":"Sport Tek  Ladies Embossed PosiCharge  Tough Polo","image":"product-images\/sm-lst630.jpg","description":"Tough enough to conquer moisture, snags and color bleed, this smooth polo also features a subtle, allover embossed geometric pattern.","keep":0,"product_type":"0"},{"product_id":414,"code":"SM-MM7101","name":"Mercer+Mettle  Women s Faille Soft Shell","image":"product-images\/sm-mm7101.jpg","description":"For rain-repelling and work-life blending, this shell has a refined, easy-moving shape and technical DWR-finished fabric. Reverse coil zip pockets keep essentials dry, safe and in place while the black, oxidized molded zipper extends through the collar.","keep":0,"product_type":"0"},{"product_id":442,"code":"SM-OG150","name":"OGIO  Command Polo","image":"product-images\/sm-og150.jpg","description":"Mixing OGIO edge with a hint of fine merino wool, this polo takes command in the office or anywhere you go.","keep":0,"product_type":"0"},{"product_id":418,"code":"SM-P180","name":"Hanes EcoSmart  Full Zip Hooded Sweatshirt","image":"product-images\/sm-p180.jpg","description":"Full-Zip Hooded Sweatshirt","keep":1,"product_type":"0"},{"product_id":420,"code":"SM-PC55","name":"Port   Company   Core Blend Tee","image":"product-images\/sm-pc55.jpg","description":"A reliable choice for comfort, softness and durability.","keep":0,"product_type":"0"},{"product_id":417,"code":"SM-TLCS412","name":"CornerStone  Tall Select Snag Proof Polo","image":"product-images\/sm-tlcs412.jpg","description":"Tough enough for most general work environments, this high-performance polo defies snags, resists wrinkles, fights odors and wicks moisture so you keep your professional edge all day long.","keep":0,"product_type":"0"},{"product_id":416,"code":"SM-TLJ317","name":"Port Authority  Tall Core Soft Shell Jacket","image":"product-images\/sm-tlj317.jpg","description":"A reliable soft shell at a real value. This go-to basic sheds wind and rain and is a perfect choice for corporate or team uniforming.","keep":0,"product_type":"0"},{"product_id":411,"code":"SM-TLJ705","name":"Port Authority  Tall Textured Soft Shell Jacket","image":"product-images\/sm-tlj705.jpg","description":"Perfect for everyday wear, our soft shell jackets have an understated texture that make them a bit more sophisticated than other soft shells. Super soft with stretch, these wind-resistant, water-repellent jackets deliver pure comfort. The raglan","keep":0,"product_type":"0"},{"product_id":427,"code":"SM-TLJ790","name":"Port Authority  Tall Glacier  Soft Shell Jacket","image":"product-images\/sm-tlj790.jpg","description":"One of our most popular jackets, the Glacier is constructed from a polyester stretch woven shell, which is then bonded to polyester microfleece with an added laminate film insert. The result is a water-resistant jacket with stretch that\u2019s perfect for","keep":0,"product_type":"0"},{"product_id":428,"code":"SM-TLK100","name":"Port Authority  Tall Core Classic Pique Polo","image":"product-images\/sm-tlk100.jpg","description":"An indispensable polo for just about every uniforming need. Designed for everyday wear, this pique polo is made from a durable blend for lived-in comfort, traditional good looks and exceptional value.","keep":0,"product_type":"0"},{"product_id":437,"code":"SM-TLK420","name":"Port Authority  Tall Heavyweight Cotton Pique Polo","image":"product-images\/sm-tlk420.jpg","description":"A favorite year after year, these polos are known for their exceptional range of colors, styles and sizes. The soft pique knit is shrink-resistant and easy to care for, so your group will always look its best.","keep":0,"product_type":"0"},{"product_id":425,"code":"SM-TLK455","name":"Port Authority  Tall Rapid Dry  Polo","image":"product-images\/sm-tlk455.jpg","description":"Soft and breathable, this baby pique polo has our exclusive Rapid Dry\u2122 moisture-wicking technology. This unique knit has a soft inner layer which wicks moisture away from your skin to the shirt's surface where it quickly disperses and evaporates.","keep":0,"product_type":"0"},{"product_id":439,"code":"SM-TLK500","name":"Port Authority  Tall Silk Touch  Polo","image":"product-images\/sm-tlk500.jpg","description":"An enduring favorite, our comfortable classic polo is anything but ordinary. With superior wrinkle and shrink resistance, a silky soft hand and an incredible range of styles, sizes and colors, it's a first-rate choice for uniforming just about any group.","keep":0,"product_type":"0"},{"product_id":424,"code":"SM-TLK500LS","name":"Port Authority  Tall Silk Touch  Long Sleeve Polo","image":"product-images\/sm-tlk500ls.jpg","description":"A favorite for years, our Silk Touch\u2122 polo is soft, supple and easy to care for. The silky smooth pique knit resists wrinkles while the classic long sleeve style looks great on everyone.","keep":0,"product_type":"0"},{"product_id":426,"code":"SM-TLK500P","name":"Port Authority  Tall Silk Touch  Polo with Pocket","image":"product-images\/sm-tlk500p.jpg","description":"Our popular Silk Touch\u2122 polo\u2014enhanced with a left chest pocket.","keep":0,"product_type":"0"},{"product_id":436,"code":"SM-TLK510","name":"Port Authority  Tall Stain Release Polo","image":"product-images\/sm-tlk510.jpg","description":"We've taken our classic silhouette and added superior wrinkle and shrink resistance. Odor-fighting properties help minimize odor. We completed the moisture-wicking polo with a stain-release finish for long-lasting, professional wear.","keep":0,"product_type":"0"},{"product_id":435,"code":"SM-TLK527","name":"Port Authority  Tall Tech Pique Polo","image":"product-images\/sm-tlk527.jpg","description":"This polo is a working person's dream","keep":0,"product_type":"0"},{"product_id":434,"code":"SM-TLS508","name":"Port Authority  Tall Short Sleeve Easy Care Shirt","image":"product-images\/sm-tls508.jpg","description":"This comfortable wash-and-wear shirt is indispensable for the workday. Wrinkle resistance makes this shirt a cut above the competition so you and your staff can be, too.","keep":0,"product_type":"0"},{"product_id":423,"code":"SM-TLS608","name":"Port Authority  Tall Long Sleeve Easy Care Shirt","image":"product-images\/sm-tls608.jpg","description":"This comfortable wash-and-wear shirt is indispensable for the workday. Wrinkle resistance makes this shirt a cut above the competition so you and your staff can be, too.","keep":0,"product_type":"0"},{"product_id":432,"code":"SM-TS658","name":"Port Authority  Tall SuperPro  Oxford Shirt","image":"product-images\/sm-ts658.jpg","description":"Look your best in a tried-and-true oxford that performs. Designed to release stains, our wrinkle-resistant SuperPro Oxford has a soft hand to keep you looking neat and professional all day long.","keep":0,"product_type":"0"},{"product_id":438,"code":"SM-TST350","name":"Sport Tek  Tall PosiCharge  Competitor   Tee","image":"product-images\/sm-tst350.jpg","description":"Lightweight, roomy and highly breathable, these moisture-wicking, value-priced tees feature PosiCharge technology to lock in color and prevent logos from fading.","keep":0,"product_type":"0"},{"product_id":440,"code":"SM-TST655","name":"Sport Tek Tall Sport Wick Polo","image":"product-images\/sm-tst655.jpg","description":"Smooth, snag-resistant and moisture-wicking micropique with colorblock panels.","keep":0,"product_type":"0"},{"product_id":443,"code":"SM-TST850","name":"Sport Tek  Tall Sport Wick  Stretch 1\/4 Zip Pullover","image":"product-images\/sm-tst850.jpg","description":"An extremely flexible layer with a soft-brushed backing and moisture control for year-round comfort.","keep":0,"product_type":"0"},{"product_id":429,"code":"SM-TW100","name":"Port Authority   Tall Long Sleeve Carefree Poplin Shirt","image":"product-images\/sm-tw100.jpg","description":"Lightweight and breathable, our cotton-rich shirts keep their professional edge thanks to a stain-release finish, which releases stains during washing. Budget-friendly and durable, these virtually carefree shirts feature an Easy Care blend and finish.","keep":0,"product_type":"0"},{"product_id":433,"code":"SM-Y100","name":"Port Authority  Youth Core Classic Pique Polo","image":"product-images\/sm-y100.jpg","description":"An indispensable polo for just about every uniforming need. Designed for everyday wear, this pique polo is made from a durable blend for lived-in comfort, traditional good looks and exceptional value.","keep":1,"product_type":"0"},{"product_id":350,"code":"SM-K500","name":"Port Authority  Silk Touch  Polo","image":"product-images\/sm-k500.jpg","description":"An enduring favorite, our comfortable classic polo is anything but ordinary. With superior wrinkle and shrink resistance, a silky soft hand and an incredible range of styles, sizes and colors, it's a first-rate choice for uniforming just about any group.","keep":1,"product_type":"1"},{"product_id":364,"code":"SM-K524","name":"Port Authority  Dry Zone  Colorblock Ottoman Polo","image":"product-images\/sm-k524.jpg","description":"We took the Dry Zone\u00ae moisture-wicking performance from our solid ottoman polos and added colorblocking on the collar, sides and sleeves. Colorfast and snag-resistant, this hardworking shirt is ready to do business.","keep":1,"product_type":"1"},{"product_id":206,"code":"266998","name":"Nike Tech Sport Dri-FIT Polo.","image":"product-images\/266998.jpg","description":"Built from Dri-FIT fabric, this polo helps keep you cool and dry. The stitch-trimmed gussets make a distinctive statement and allow for easy movement. The design features a self-fabric collar, three-button placket and open hem sleeves.","keep":1,"product_type":"2"},{"product_id":171,"code":"BB18005","name":"Brooks Brothers Women's Casual Oxford ","image":"product-images\/bb18005.jpg","description":"Originally invented in 1900, this iconic silhouette embodies the off-duty professional look whether you dress it up or keep it casual. ","keep":1,"product_type":"2"},{"product_id":197,"code":"BB18007","name":"Brooks Brothers Women's Full-Button Satin Blouse","image":"product-images\/bb18007.jpg","description":"Add a touch of sophistication with this versatile blouse, made from a soft satin fabric featuring a subtle sheen. Designed for a classic fit with traditional flair.","keep":1,"product_type":"2"},{"product_id":181,"code":"BB18008","name":"Brooks Brothers Wrinkle Free Stretch Patterned Shirt","image":"product-images\/bb18008.jpg","description":"Make a statement with this classic woven shirt, featuring a subtle glen plaid pattern and a comfortable fit. A premium treatment process keeps it wrinkle-free.","keep":1,"product_type":"2"},{"product_id":120,"code":"BB18203","name":"Brooks Brothers Women's Mid-Layer Stretch 1\/2-Button","image":"product-images\/bb18203.jpg","description":"Structured double-knit style with a luxuriously soft hand, this pullover skips the traditional zipper in favor of a relaxed, elevated look.","keep":1,"product_type":"2"},{"product_id":152,"code":"BC6400","name":"BELLA+CANVAS  Women's Relaxed Jersey Short Sleeve Tee","image":"product-images\/bc6400.jpg","description":"Women's Relaxed Jersey Short Sleeve Tee.","keep":1,"product_type":"2"},{"product_id":183,"code":"K831","name":"Port Authority Fine Pique Blend Blocked Polo","image":"product-images\/k831.jpg","description":"Bold colorblocking on the chest, sleeves and back yoke give this moisture-wicking polo instant appeal whether you're going 18 or going into the office.","keep":1,"product_type":"2"},{"product_id":209,"code":"L572","name":"Port Authority Ladies Dry Zone Grid Polo","image":"product-images\/l572.jpg","description":"With a grid-like texture, this durable, smartly priced polo wicks moisture and controls odor--making it a favorite for team uniforming.","keep":1,"product_type":"2"},{"product_id":199,"code":"LOG130","name":"OGIO Ladies Metro Polo","image":"product-images\/log130.jpg","description":"A fresh, fashionable style that performs with big-city sophistication.","keep":1,"product_type":"2"},{"product_id":109,"code":"LPC380","name":"Port & Company Ladies Performance Tee","image":"product-images\/charcoal_lpc380.jpg","description":"Rated UPF50 to help combat harmful UV rays, this tee also performs with Dry Zone  moisture-wicking technology to keep you cool, dry and comfortable.","keep":1,"product_type":"2"},{"product_id":200,"code":"LST653","name":"Sport-Tek Ladies Micropique Sport-Wick Piped Polo","image":"product-images\/lst653.jpg","description":"Piping on the shoulders and back give this moisture-wicking, snag-resistant polo sporty contrast.","keep":1,"product_type":"2"},{"product_id":207,"code":"S608ES","name":"Port Authority Extended Size Long Sleeve Easy Care Shirt","image":"product-images\/s608es.jpg","description":"Comfortable wash and wear shirt","keep":1,"product_type":"2"},{"product_id":212,"code":"SM-64000L","name":"Gildan Softstyle Ladies T-Shirt","image":"product-images\/sm-6400l.jpg","description":"4.5-ounce, 100% ring spun cotton, tear away label, seam fitted.","keep":1,"product_type":"2"},{"product_id":186,"code":"SM-8000","name":"SanMar 8000 T-shirt","image":"product-images\/sm-8000.jpg","description":"Gildan\u00a0- DryBlend\u00a050 Cotton\/50 Poly T-Shirt","keep":1,"product_type":"2"},{"product_id":187,"code":"SM-8400","name":"SanMar 8400","image":"product-images\/sm-8400.jpg","description":"5.5-ounce, 50\/50 cotton\/poly","keep":1,"product_type":"2"},{"product_id":189,"code":"SM-BB18004","name":"SanMar Oxford Shirt","image":"product-images\/sm-bb18004.jpg","description":"Originally invented in 1900, this iconic silhouette embodies the off-duty professional look whether you dress it up or keep it casual.","keep":1,"product_type":"2"},{"product_id":268,"code":"SM-CS10LONG","name":"Red Kap  Long Size  Long Sleeve Striped Industrial Work Shirt","image":"product-images\/sm-cs10long.jpg","description":"This hardworking IL50 style has a professional stripe and is tested through 50 industrial launderer washes","keep":0,"product_type":"2"},{"product_id":242,"code":"SM-CS20","name":"Red Kap  Short Sleeve Striped Industrial Work Shirt","image":"product-images\/sm-cs20.jpg","description":"This hardworking IL50 style has a professional stripe and is tested through 50 industrial launderer washes","keep":0,"product_type":"2"},{"product_id":224,"code":"SM-CS200","name":"CornerStone ANSI 107 Class 2 Mesh Tee","image":"product-images\/sm-cs200.jpg","description":"Update this description.","keep":1,"product_type":"2"},{"product_id":292,"code":"SM-CS201","name":"CornerStone    ANSI 107 Class 2 Mesh Long Sleeve Tee","image":"product-images\/sm-cs201.jpg","description":"This breathable, moisture-wicking mesh tee delivers high visibility and on-the-job comfort","keep":1,"product_type":"2"},{"product_id":247,"code":"SM-CS410","name":"CornerStone Select Snag Proof Tactical Polo","image":"product-images\/sm-cs410.jpg","description":"With strategically placed mic clips and dual pen pockets, our tactical polo is designed for event staff, security and law enforcement. Built for performance, this snag-proof, moisture-wicking, odor-fighting shirt will keep you sharp and professional-looki","keep":1,"product_type":"2"},{"product_id":297,"code":"SM-CS410LS","name":"CornerStone Select Long Sleeve Snag Proof Tactical Polo","image":"product-images\/sm-cs410ls.jpg","description":"With strategically placed mic clips and dual pen pockets, our tactical polos are designed for event staff, security and law enforcement. Built for performance, these snag-proof, moisture-wicking, odor-fighting shirts will keep you sharp and professional.","keep":1,"product_type":"2"},{"product_id":257,"code":"SM-CS411","name":"CornerStone    Ladies Select Snag Proof Tactical Polo","image":"product-images\/sm-cs411.jpg","description":"With strategically placed mic clips and dual pen pockets, our tactical polo is designed for event staff, security and law enforcement. Built for performance, this snag-proof, moisture-wicking, odor fighting shirt will keep you sharp and professional","keep":1,"product_type":"2"},{"product_id":232,"code":"SM-CS419","name":"CornerStone  Ladies Select Lightweight Snag Proof Polo","image":"product-images\/sm-cs419.jpg","description":"A heavy-duty workhorse at a lighter weight than our standard snag-proof polo. Moisture-wicking and odor-fighting, this hardworking shirt is also exceptionally durable.","keep":1,"product_type":"2"},{"product_id":240,"code":"SM-CS626","name":"CornerStone  1\/2 Zip Job Shirt","image":"product-images\/sm-cs626.jpg","description":"Developed with emergency services pros in mind, our versatile, durable job shirt is made to layer over a uniform shirt or under a jacket.","keep":1,"product_type":"2"},{"product_id":226,"code":"SM-CT102417","name":"Carhartt Force   Ridgefield Solid Short Sleeve Shirt","image":"product-images\/sm-ct102417.jpg","description":"The same benefits as our long sleeve, just in a short sleeve. The quick-drying design of this lightweight, woven shirt sheds sweat to regulate your body temperature in a range of conditions","keep":0,"product_type":"2"},{"product_id":230,"code":"SM-CTTK87","name":"Carhartt   Tall Workwear Pocket Short Sleeve T Shirt","image":"product-images\/sm-cttk87.jpg","description":"Carhartt\u2019s bestselling, no-quit, original work shirt. A classic for 25 years.","keep":0,"product_type":"2"},{"product_id":260,"code":"SM-DM1350L","name":"District Women's Perfect Tri V-Neck Tee","image":"product-images\/sm-dm1350l.jpg","description":"Lightweight and extra soft, this tee is perfect","keep":1,"product_type":"2"},{"product_id":285,"code":"SM-DT132L","name":"District Women s Perfect Tri  Long Sleeve Tunic Tee","image":"product-images\/sm-dt132l.jpg","description":"Long sleeve tunic version of our lightweight and soft crew.","keep":1,"product_type":"2"},{"product_id":270,"code":"SM-DT7501","name":"District Women s Flex Scoop Neck Tee","image":"product-images\/sm-dt7501.jpg","description":"A hint of stretch. All-day comfort.","keep":1,"product_type":"2"},{"product_id":347,"code":"SM-K100","name":"Port Authority  Core Classic Pique Polo","image":"product-images\/sm-k100.jpg","description":"An indispensable polo for just about every uniforming need. Designed for everyday wear, this pique polo is made from a durable blend for lived-in comfort, traditional good looks and exceptional value.","keep":1,"product_type":"2"},{"product_id":349,"code":"SM-K100LS","name":"Port Authority  Long Sleeve Core Classic Pique Polo","image":"product-images\/sm-k100ls.jpg","description":"An indispensable polo for just about every uniforming need. Designed for everyday wear, this pique polo is made from a durable blend for lived-in comfort, traditional good looks and exceptional value.","keep":1,"product_type":"2"},{"product_id":365,"code":"SM-K540","name":"Port Authority  Silk Touch  Performance Polo","image":"product-images\/sm-k540.jpg","description":"We took our legendary Silk Touch Polo and made it work even harder. The durable, easy care Silk Touch Performance Polo wicks moisture, resists snags and thanks to PosiCharge\u00ae technology, holds onto its color for a professional look that lasts.","keep":1,"product_type":"2"},{"product_id":368,"code":"SM-K8000","name":"Port Authority  EZCotton  Polo","image":"product-images\/sm-k8000.jpg","description":"It wasn\u2019t easy making EZCotton better, but we did. Still made of soft, smooth, durable 100% cotton pique, our new EZCotton Polo boasts an updated fit and a collar that resists curling. It also resists shrinking, wrinkling, pilling and fading with ease.","keep":1,"product_type":"2"},{"product_id":372,"code":"SM-K8000LS","name":"Port Authority   EZCotton  Long Sleeve Polo","image":"product-images\/sm-k8000ls.jpg","description":"It wasn\u2019t easy making EZCotton better, but we did. Still made of soft, smooth, durable 100% cotton pique, our EZCotton Polo boasts an updated fit and a collar that resists curling. It also resists shrinking, wrinkling, pilling and fading with ease.","keep":1,"product_type":"2"},{"product_id":369,"code":"SM-KP55T","name":"Port and Company Tall Core Blend Jersey Knit Polo","image":"product-images\/sm-kp55t.jpg","description":"With an easy-to-care-for blend and a stain-release finish, this comfortable polo is a real value.","keep":1,"product_type":"2"},{"product_id":370,"code":"SM-KP55Y","name":"Port   Company  Youth Core Blend Jersey Knit Polo","image":"product-images\/sm-kp55y.jpg","description":"With an easy-to-care-for blend and a stain-release finish, this comfortable polo is a real value.","keep":1,"product_type":"2"},{"product_id":379,"code":"SM-L469","name":"Sport Tek  Ladies Dri Mesh  V Neck Polo","image":"product-images\/sm-l469.jpg","description":"Our double poly mesh construction wicks moisture better for superior breathability and comfort.","keep":1,"product_type":"2"},{"product_id":384,"code":"SM-L500LS","name":"Port Authority  Ladies Silk Touch  Long Sleeve Polo","image":"product-images\/sm-l500ls.jpg","description":"A favorite for years, our Silk Touch\u2122 polo is soft, supple and easy to care for. The silky smooth pique knit resists wrinkles while the classic long sleeve style looks great on everyone.","keep":1,"product_type":"2"},{"product_id":385,"code":"SM-L508","name":"Port Authority  Ladies Short Sleeve Easy Care  Shirt","image":"product-images\/sm-l508.jpg","description":"This comfortable wash-and-wear shirt is indispensable for the workday. Wrinkle resistance makes this shirt a cut above the competition so you and your staff can be, too.","keep":1,"product_type":"2"},{"product_id":383,"code":"SM-L528","name":"Port Authority  Ladies Performance Fine Jacquard Polo","image":"product-images\/sm-l528.jpg","description":"Lightweight and breathable, this moisture-wicking shirt has a pleasing drape, subtle jacquard texture and an open placket for feminine style.","keep":0,"product_type":"2"},{"product_id":381,"code":"SM-L562","name":"Port Authority  Ladies Silk Touch  3\/4 Sleeve Polo","image":"product-images\/sm-l562.jpg","description":"Our silky soft, classic polo in a popular sleeve length.","keep":1,"product_type":"2"},{"product_id":389,"code":"SM-L654","name":"Port Authority  Ladies Long Sleeve Gingham Easy Care Shirt","image":"product-images\/sm-l654.jpg","description":"A fresh alternative to a solid-color shirt, our gingham check pattern is office-ready. Crafted in an Easy Care blend, this poplin style resists wrinkles and features bias-cut details.","keep":0,"product_type":"2"},{"product_id":298,"code":"SM-L659","name":"Port Authority  Ladies Short Sleeve SuperPro  Oxford Shirt","image":"product-images\/sm-l659.jpg","description":"Look your best in a tried-and-true oxford that performs. Designed to release stains, our wrinkle-resistant SuperPro Oxford has a soft hand to keep you looking neat and professional all day long.","keep":0,"product_type":"2"},{"product_id":391,"code":"SM-LK110","name":"Port Authority  Ladies Dry Zone  UV Micro Mesh Polo","image":"product-images\/sm-lk110.jpg","description":"Our durable, moisture-wicking Dry Zone polo\u2014now with UV protection. An exceptional value, this breathable mesh polo also resists snags. Colors coordinate with our Core Classic Pique Polos and Carefree Poplin Shirts.","keep":0,"product_type":"2"},{"product_id":386,"code":"SM-LK111","name":"Port Authority  Ladies Dry Zone  UV Micro Mesh Tipped Polo","image":"product-images\/sm-lk111.jpg","description":"Tipping on the collar and cuffs gives our durable, value-priced favorite a fresh look. Designed to perform, this moisture-wicking, breathable mesh polo also resists UV rays and snags. Colors coordinate with our Core Classic Pique Polos and Carefree","keep":0,"product_type":"2"},{"product_id":393,"code":"SM-LK583","name":"Port Authority   Ladies Stretch Heather Open Neck Top","image":"product-images\/sm-lk583.jpg","description":"With an elevated heather look, this office-ready top has plenty of stretch for unrestricted movement.","keep":0,"product_type":"2"},{"product_id":398,"code":"SM-LOG101","name":"OGIO Jewel Polo","image":"product-images\/sm-log101.jpg","description":"Impeccably designed for women everywhere, the Jewel has a contoured fit and streamlined style.","keep":0,"product_type":"2"},{"product_id":397,"code":"SM-LOG105","name":"OGIO Glam Polo","image":"product-images\/sm-log105.jpg","description":"Designed to handle the curves, the Glam has a contoured fit and unique open hem cuffs with O debossed metal snaps.","keep":0,"product_type":"2"},{"product_id":400,"code":"SM-LPC450VLS","name":"Port   Company  Ladies Long Sleeve Fan Favorite   V Neck Tee","image":"product-images\/sm-lpc450vls.jpg","description":"You'll be the biggest fan around of this 100% ring spun cotton tee.","keep":0,"product_type":"2"},{"product_id":401,"code":"SM-LPC54LS","name":"Port Company Ladies Long Sleeve Core Cotton Tee","image":"product-images\/sm-lpc54ls.jpg","description":"An indispensable t-shirt in our classic silhouette--with a very friendly price.","keep":1,"product_type":"2"},{"product_id":405,"code":"SM-LST650","name":"Sport Tek  Ladies Micropique Sport Wick  Polo","image":"product-images\/sm-lst650.jpg","description":"Smooth micropique polos that wick moisture and resist snags.","keep":1,"product_type":"2"},{"product_id":402,"code":"SM-LST660","name":"Sport Tek  Ladies Heather Contender  Polo","image":"product-images\/sm-lst660.jpg","description":"This heathered style is sure to be a contender for your favorite moisture-wicking, snag-resistant polo. Lightweight and breathable, it excels at sports or casual events and it's an exceptional value.","keep":0,"product_type":"2"},{"product_id":296,"code":"SM-LW400","name":"Port Authority   Ladies Short Sleeve Performance Staff Shirt","image":"product-images\/sm-lw400.jpg","description":"Be ready to perform your very best with these shirts designed with stain release, odor-fighting and moisture-wicking technologies","keep":1,"product_type":"2"},{"product_id":252,"code":"SM-LW644","name":"Port Authority   Ladies Broadcloth Gingham Easy Care Shirt","image":"product-images\/sm-lw644.jpg","description":"Banish boring office attire! Created with traditional gingham colors and scale, our wrinkle-resistant shirts offer Easy Care convenience and everyday wearability. ","keep":1,"product_type":"2"},{"product_id":235,"code":"SM-LW680","name":"Port Authority Ladies City Stretch Tunic","image":"product-images\/sm-lw680.jpg","description":"Comfort and performance meet classic corporate style. Odor-fighting, wrinkle-resistant and moisture-wicking, these looks have just the right amount of stretch to keep up with a busy day.","keep":1,"product_type":"2"},{"product_id":412,"code":"SM-LW701","name":"Port Authority   Ladies 3\/4 Sleeve Tunic Blouse","image":"product-images\/sm-lw701.jpg","description":"Transition seamlessly from professional life to play in this comfortable and flattering tunic blouse.","keep":1,"product_type":"2"},{"product_id":419,"code":"SM-PC54","name":"Port Company Core Cotton Tee","image":"product-images\/sm-pc54.jpg","description":"An indispensable t-shirt in our classic silhouette\u2014with a very friendly price.","keep":1,"product_type":"2"},{"product_id":421,"code":"SM-PC61","name":"Port and Company   Essential Tee","image":"product-images\/sm-pc61.jpg","description":"A year-round essential, our best-selling t-shirt has been voted \"most popular\" by groups, teams, clubs and schools across America.","keep":1,"product_type":"2"},{"product_id":415,"code":"SM-S663","name":"Port Authority SuperPro Twill Shirt","image":"product-images\/sm-s663.jpg","description":"A heavy hitter in performance, our SuperPro Twill Shirt easily resists wrinkles while releasing stains. Designed for comfort, this versatile shirt functions well in almost any work environment from the office to food service.","keep":1,"product_type":"2"},{"product_id":413,"code":"SM-ST650","name":"Sport Tek  Micropique Sport Wick  Polo","image":"product-images\/sm-st650.jpg","description":"Smooth micropique polos that wick moisture and resist snags.","keep":1,"product_type":"2"},{"product_id":408,"code":"SM-TK469","name":"Sport Tek  Tall Dri Mesh  Polo","image":"product-images\/sm-tk469.jpg","description":"When you get active, stay confident with the advanced double poly mesh construction of Dri-Mesh\u00ae. Engineered to wick moisture with ease, this lightweight polo has superior breathability to help you keep your cool.","keep":1,"product_type":"2"},{"product_id":407,"code":"SM-TLCS410","name":"CornerStone Tall Select Snag Proof Tactical Polo","image":"product-images\/sm-tlcs410.jpg","description":"With strategically placed mic clips and dual pen pockets, our tactical polo is designed for event staff, security and law enforcement. Built for performance, this snag-proof, moisture-wicking, odor-fighting shirt will keep you sharp and","keep":1,"product_type":"2"},{"product_id":445,"code":"SM-TLK500","name":"Port Authority Tall Silk Touch Polo","image":"product-images\/sm-tlk500.jpg","description":"An enduring favorite, our comfortable classic polo is anything but ordinary","keep":1,"product_type":"2"},{"product_id":441,"code":"SM-TLK540","name":"Port Authority  Tall Silk Touch  Performance Polo","image":"product-images\/sm-tlk540.jpg","description":"We took our legendary Silk Touch Polo and made it work even harder. The durable, easy care Silk Touch Performance Polo wicks moisture, resists snags and thanks to PosiCharge\u00ae\u00a0technology, holds onto its color for a professional look that lasts. There's","keep":0,"product_type":"2"},{"product_id":430,"code":"SM-TS663","name":"Port Authority Tall SuperPro Twill Shirt","image":"product-images\/sm-ts663.jpg","description":"A heavy hitter in performance, our SuperPro Twill Shirt easily resists wrinkles while releasing stains. Designed for comfort, this versatile shirt functions well in almost any work environment\u2014from the office to food service.","keep":0,"product_type":"2"},{"product_id":422,"code":"SM-TST650","name":"Sport Tek  Tall Micropique Sport Wick  Polo","image":"product-images\/sm-tst650.jpg","description":"We've taken our Sport-Wick\u00ae moisture-wicking technology and crafted a flat tricot micropique for a smoother, tighter fabric. Not just a sharp look\u2014it's snag resistant, too.","keep":0,"product_type":"2"},{"product_id":446,"code":"SM-TW100","name":"Port Authority Tall Long Sleeve Carefree Poplin Shirt","image":"product-images\/sm-tw500.jpg","description":"Lightweight and breathable, our cotton-rich shirts keep their professional edge thanks to a stain-release finish, which releases stains during washing","keep":1,"product_type":"2"},{"product_id":208,"code":"ST695","name":"Sport-Tek PosiCharge Active Textured Colorblock Polo","image":"product-images\/st695.jpg","description":"Colorblocking at the sleeves and sides, along with an understated texture, give this snag-resistant, moisture-wicking polo plenty of sporty interest. PosiCharge technology ensures colorfastness and optimal printability.","keep":1,"product_type":"2"},{"product_id":91,"code":"TLCS418","name":"CornerStone Tall Select Lightweight Snag-Proof Polo","image":"product-images\/tlcs418.jpg","description":"A heavy-duty workhorse at a lighter weight than our standard snag-proof polo.","keep":1,"product_type":"2"},{"product_id":132,"code":"TLS600T","name":"Port Authority Tall Long Sleeve Twill Shirt","image":"product-images\/tls600t.jpg","description":"Our twill shirt has a professional appearance with comfortable, garment-washed softness.","keep":1,"product_type":"2"},{"product_id":163,"code":"Y100","name":"Port Authority Youth Core Classic Pique Polo","image":"product-images\/burgundy_y100.jpg","description":"An indispensable polo for just about every uniform need.","keep":1,"product_type":"2"},{"product_id":211,"code":"SM-C112","name":"Richardson Trucker Hat","image":"product-images\/c112.jpg","description":"The Original 112 is the reference standard in truckers. Classic trucker cap style built with the Richardson quality and consistent fit you\u2019ve come to expect. 50+ colorways and 50+ years of product excellence are just a few reasons this is the most popular","keep":1,"product_type":"3"},{"product_id":190,"code":"SM-C806","name":"SanMar Cap","image":"product-images\/sm-c806.jpg","description":"Hat","keep":1,"product_type":"3"},{"product_id":191,"code":"SM-C812","name":"SanMar Cap","image":"product-images\/sm-c812.jpg","description":"An ultra-breathable cap with the Flexfit stretch for a comfortable fit. A silver contrast underbill adds character to this trucker-style cap","keep":1,"product_type":"3"},{"product_id":33,"code":"SM-C821","name":"Port Authority\u00a0Perforated Cap.","image":"product-images\/sm-c821.jpg","description":"This super lightweight cap\u2014perfect for golf and other hot weather activities\u2014has four perforated back panels for breathability and moisture-wicking performance.","keep":1,"product_type":"3"},{"product_id":452,"code":"BB18403","name":"Brooks Brothers Women's Cotton Stretch Long Cardigan Sweater","image":"product-images\/bb18403.jpg","description":"This timeless cardigan features an open front and longer length for easy wear-over-anything style.","keep":1,"product_type":"4"},{"product_id":154,"code":"BB18601","name":"Brooks Brothers Women's Quilted Jacket","image":"product-images\/bb18601.jpg","description":"With a flattering, low-profile fit and a refined look, this supple diamond-quilted jacket is designed to resist water and provide warmth when you need it.","keep":1,"product_type":"4"},{"product_id":161,"code":"C2RW103S1Y","name":"Radwear Lightweight Class E Rain Pants and Class 3 Type R Jackets","image":"product-images\/c2rw103s1y.jpg","description":"The lightweight rain pants and jacket has Reflectivz weatherproof and high visibility technology.","keep":0,"product_type":"4"},{"product_id":454,"code":"CT104314","name":"Carhartt Women's Gilliam Jacket","image":"product-images\/ct104314.jpg","description":"Keep working through cold, wet weather in this women's version of our popular Gilliam Jacket.","keep":1,"product_type":"4"},{"product_id":457,"code":"EB205","name":"Eddie Bauer Women's Fleece Vest","image":"product-images\/black_eb205.jpg","description":"Ward off early morning chills by insulating your core with this soft, cozy vest","keep":1,"product_type":"4"},{"product_id":456,"code":"EB511","name":"Eddie Bauer Women's Quilted Jacket","image":"product-images\/eb511.jpg","description":"Minimal bulk meets maximized performance in this quilted jacket that is built for your cold-weather adventures.","keep":1,"product_type":"4"},{"product_id":196,"code":"L151","name":"Port Authority Ladies Accord Microfleece Jacket","image":"product-images\/l151.jpg","description":"Soft, lightweight and low-profile, this anti-pill microfleece jacket provides lightweight layering and is appropriate for any uniforming program-including healthcare professionals","keep":1,"product_type":"4"},{"product_id":455,"code":"L7620","name":"Port Authority Women's Denim Jacket","image":"product-images\/l7620.jpg","description":"We took the classic denim jacket and reworked it into a figure-flattering style for her with a more modern fit, improved wash treatment and bronze buttons.","keep":1,"product_type":"4"},{"product_id":447,"code":"LNEA228","name":"New Era Women's Power 1\/2-Zip","image":"product-images\/black_lnea228.jpg","description":"With moisture wicking and stretch, this 1\/2-zip empowers your performance.","keep":1,"product_type":"4"},{"product_id":265,"code":"SM-CSJ24","name":"CornerStone    ANSI 107 Class 3 Waterproof Parka","image":"product-images\/sm-csj24.jpg","description":"This seam-sealed parka locks out moisture while helping ensure your safety.","keep":1,"product_type":"4"},{"product_id":254,"code":"SM-CSJ25","name":"CornerStone    ANSI 107 Class 3 Safety Windbreaker","image":"product-images\/sm-csj25.jpg","description":"Stay safer in inclement weather in this high-visibility windbreaker.","keep":1,"product_type":"4"},{"product_id":448,"code":"SM-CSJ70","name":"CornerStone Workwear Soft Shell","image":"product-images\/sm-csj70.webp","description":"Tough jobs call for tough workwear and this water-resistant soft shell fits the bill with a roomy fit for easy layering over hoodies and work shirts.","keep":1,"product_type":"4"},{"product_id":248,"code":"SM-F219","name":"Port Authority  Value Fleece Vest","image":"product-images\/sm-f219.jpg","description":"Ready for layering, this super soft, low-pill, midweight fleece vest offers great warmth at a great price.","keep":1,"product_type":"4"},{"product_id":256,"code":"SM-J317","name":"Port Authority  Core Soft Shell Jacket","image":"product-images\/sm-j317.jpg","description":"A reliable soft shell at a real value. This go-to basic sheds wind and rain and is a perfect choice for corporate or team uniforming.","keep":1,"product_type":"4"},{"product_id":227,"code":"SM-J321","name":"Port Authority  Colorblock 3 in 1 Jacket","image":"product-images\/sm-j321.jpg","description":"With a quilted zip-in liner jacket, our water-resistant Colorblock 3-in-1 Jacket quickly adapts to the elements in the mountains or around the neighborhood.","keep":1,"product_type":"4"},{"product_id":300,"code":"SM-J333","name":"Port Authority  Torrent Waterproof Jacket","image":"product-images\/sm-j333.jpg","description":"Our versatile, fully seam-sealed jacket offers outstanding waterproof protection to keep you dry whether you're on the job or on the trail. Folds into a convenient carry pouch for easy, compact storage.","keep":1,"product_type":"4"},{"product_id":236,"code":"SM-J335","name":"Port Authority  Hooded Core Soft Shell Jacket","image":"product-images\/sm-j335.jpg","description":"Update this description.","keep":1,"product_type":"4"},{"product_id":371,"code":"SM-L130","name":"Port Authority  Ladies Cozy 1\/4 Zip Fleece","image":"product-images\/sm-l130.jpg","description":"Ultra-soft meets cozy warmth in these layerable sherpa fleece pullovers. Ideal for cooler days, they are comfortable, versatile and designed to fend off the chill in style.","keep":0,"product_type":"4"},{"product_id":374,"code":"SM-L219","name":"Port Authority  Ladies Value Fleece Vest","image":"product-images\/sm-l219.jpg","description":"Ready for layering, this super soft, low-pill, midweight fleece vest offers great warmth at a great price","keep":0,"product_type":"4"},{"product_id":373,"code":"SM-L223","name":"Port Authority  Ladies Microfleece Jacket","image":"product-images\/sm-l223.jpg","description":"For cool-to-cold weather, this lightweight microfleece jacket delivers warmth without unnecessary bulk.","keep":0,"product_type":"4"},{"product_id":377,"code":"SM-L226","name":"Port Authority  Ladies Microfleece Vest","image":"product-images\/sm-l226.jpg","description":"Add a layer of warmth with our extra soft, cozy microfleece vest. ","keep":0,"product_type":"4"},{"product_id":376,"code":"SM-L298","name":"Port Authority  Ladies Fleece Blazer","image":"product-images\/sm-l298.jpg","description":"Dress it up or down: Our versatile fleece blazer looks polished with a woven shirt or more casual when paired with a tee.","keep":0,"product_type":"4"},{"product_id":449,"code":"SM-L321","name":"Port Authority Women's Colorblock 3-in-1 Jacket","image":"product-images\/sm-l321.jpg","description":"With a quilted zip-in liner jacket, our water-resistant Colorblock 3-in-1 Jacket quickly adapts to the elements in the mountains or around the neighborhood.","keep":1,"product_type":"4"},{"product_id":375,"code":"SM-L333","name":"Port Authority  Ladies Torrent Waterproof Jacket","image":"product-images\/sm-l333.jpg","description":"Our versatile, fully seam-sealed jacket offers outstanding waterproof protection to keep you dry whether you're on the job or on the trail.","keep":1,"product_type":"4"},{"product_id":378,"code":"SM-L344","name":"Port Authority  Ladies Zephyr Full Zip Jacket","image":"product-images\/sm-l344.jpg","description":"This Zephyr style merges wind- and water-resisting performance with a silky smooth hand. This unlined piece is easy to wear over base or thermal layers. Modern sleek details offer instant appeal at a very appealing price.","keep":1,"product_type":"4"},{"product_id":382,"code":"SM-L5430","name":"Port Authority  Ladies Concept Open Cardigan","image":"product-images\/sm-l5430.jpg","description":"Created from super soft jersey knit, this cardigan fights indoor chill and instantly upgrades any corporate look.","keep":1,"product_type":"4"},{"product_id":390,"code":"SM-L900","name":"Port Authority   Ladies Collective Outer Shell Jacket","image":"product-images\/sm-l900.jpg","description":"This sophisticated, breathable and waterproof shell is fully seam-sealed to fight the elements with a water-shedding durable water-repellent (DWR) finish.","keep":0,"product_type":"4"},{"product_id":387,"code":"SM-L901","name":"Port Authority   Ladies Collective Soft Shell Jacket","image":"product-images\/sm-l901.jpg","description":"With a subtle mini ripstop texture, this stretch soft shell has double-needle stitching throughout and sleek design lines. The water-resistant film and DWR finish combine to resist wind and rain for weather protection.","keep":0,"product_type":"4"},{"product_id":388,"code":"SM-LK5434","name":"Port Authority   Ladies Concept Long Pocket Cardigan","image":"product-images\/sm-lk5434.jpg","description":"A versatile cardigan with ease of movement and a longer length, ideal for a busy life.","keep":0,"product_type":"4"},{"product_id":394,"code":"SM-LM1008","name":"Port Authority  Ladies Concept Stretch Button Front Cardigan","image":"product-images\/sm-lm1008.jpg","description":"An indispensable layering piece, this extra soft cardigan has a shallow scoop neck and drapes nicely.","keep":1,"product_type":"4"},{"product_id":395,"code":"SM-LM2000","name":"Port Authority  Ladies Knit Blazer","image":"product-images\/sm-lm2000.jpg","description":"Mix it up at the office or after work with this versatile, modern blazer. Designed for layering comfort, this easy-to-wear, deconstructed style can go from refined to casual and resist wrinkles all day long.","keep":0,"product_type":"4"},{"product_id":396,"code":"SM-LOE722","name":"OGIO  Ladies Brink Soft Shell","image":"product-images\/sm-loe722.jpg","description":"PERFORMANCE HYBRID -  WATER-RESISTANT - WIND-RESISTANT","keep":0,"product_type":"4"},{"product_id":399,"code":"SM-LST357","name":"Sport Tek  Ladies PosiCharge  Competitor  1\/4 Zip Pullover","image":"product-images\/sm-lst357.jpg","description":"This lightweight pullover locks in color and wicks moisture. It\u2019s versatile enough for year-round wear.","keep":0,"product_type":"4"},{"product_id":404,"code":"SM-LSW287","name":"Port Authority  Ladies Cardigan Sweater","image":"product-images\/sm-lsw287.jpg","description":"A working woman's dream","keep":0,"product_type":"4"},{"product_id":403,"code":"SM-LSW289","name":"Port Authority  Ladies Open Front Cardigan Sweater","image":"product-images\/sm-lsw289.jpg","description":"This soft, cozy cardigan sweater has a flattering drape and features fully-fashioned sleeves for strength and enduring wear. Stylish longer rib knit height details at cuffs and hem.","keep":0,"product_type":"4"},{"product_id":409,"code":"SM-MM3023","name":"Mercer+Mettle  Women s Open Front Cardigan Sweater","image":"product-images\/sm-mm3023.jpg","description":"Soft, comfortable, and as a transitional layer for day or night, this easy care sweater is a refined knit that won\u2019t bag out with wear. Sophisticated details like square patch pockets and a wide, rib bottom hem lend a modern sensibility to accent your","keep":0,"product_type":"4"},{"product_id":451,"code":"SM-NF0A3LHK","name":"The North Face Women's ThermoBall Trekker Jacket","image":"product-images\/SM-NF0A3LHK.jpg","description":"Designed with baffles contoured to fit your body, this streamlined jacket offers lightweight, highly compressible ThermoBall synthetic insulation made with 100% recycled polyester polyfill.","keep":1,"product_type":"4"},{"product_id":450,"code":"SM-NF0A7V4G","name":"The North Face Women's Down Hybrid Jacket","image":"product-images\/SM-NF0A7V4G.jpg","description":"Bringing together the best of natural and high-tech insulation","keep":1,"product_type":"4"},{"product_id":410,"code":"SM-ST264","name":"Sport Tek PosiCharge Sport Wick Heather Fleece Hooded Pullover","image":"product-images\/sm-st264.jpg","description":"As a warm up or cool down layer, this moisture-wicking and color-locking fleece is sure to be a hit.","keep":1,"product_type":"4"},{"product_id":146,"code":"TLJ754","name":"Port Authority Tall Challenger Jacket","image":"product-images\/tlj754.jpg","description":"A long-time favorite, the Challenger has a traditional design and a durable, water-resistant Teklon nylon outer shell to keep you warm and dry.","keep":1,"product_type":"4"},{"product_id":148,"code":"TLJ790","name":"Port Authority Tall Glacier Soft Shell Jacket","image":"product-images\/tlj790.jpg","description":" The Glacier is constructed from a polyester stretch woven shell, which is then bonded to polyester microfleece with an added laminate film insert to repel water.","keep":1,"product_type":"4"},{"product_id":185,"code":"18500","name":"Gildan - Heavy Blend Hooded Sweatshirt","image":"product-images\/antiquecherryred_18500.jpg","description":"8-ounce, 50\/50 cotton\/poly hooded sweatshirt with front pouch pocket.","keep":1,"product_type":"5"},{"product_id":295,"code":"DT665","name":"District Women s Medal Full Zip Hoodie","image":"product-images\/dt665.jpg","description":"Strengthen your style impact with this lightweight hoodie made for ease and versatility.","keep":1,"product_type":"5"},{"product_id":198,"code":"L543","name":"Port Authority Ladies Concept Shrug","image":"product-images\/l543.jpg","description":"Top off your look in style with this shrug that's equally flattering paired with a skirt or jeans.","keep":1,"product_type":"5"},{"product_id":201,"code":"LSW285","name":"Port Authority Ladies V-Neck Sweater","image":"product-images\/lsw285.jpg","description":"A beautiful and versatile addition to any work wardrobe, our fine-gauge v-neck sweater has fully-fashioned sleeves for strength, comfort and longer wear.","keep":1,"product_type":"5"},{"product_id":188,"code":"SM-996M","name":"SanMar Hoodie","image":"product-images\/ash_sm-996m.jpg","description":"8-ounce, 50\/50 cotton\/poly NuBlend pill-resistant fleece","keep":1,"product_type":"5"},{"product_id":250,"code":"SM-CT100614","name":"Carhartt   Rain Defender   Paxton Heavyweight Hooded Zip Front Sweatshirt","image":"product-images\/sm-ct100614.jpg","description":"For those days when a heavy jacket is just too much to wear on the job, this durable, water-repellent sweatshirt is the solution.","keep":1,"product_type":"5"},{"product_id":194,"code":"SM-DT156","name":"District Women's Perfect Tri Hooded Cardigan","image":"product-images\/sm-dt156.jpg","description":"This cardigan is soft and perfect for layering.","keep":1,"product_type":"5"},{"product_id":279,"code":"ST406","name":"Sport Tek PosiCharge Tri Blend Wicking Long Sleeve Hoodie","image":"product-images\/st406.jpg","description":"This ultracomfortable long sleeve hoodie combines moisture-wicking performance, unbeatable softness and PosiCharge technology to lock in color.","keep":1,"product_type":"5"},{"product_id":105,"code":"Boots","name":"Pair of Work Boots","image":"product-images\/brown_boots.jpg","description":"A pair of work boots.","keep":1,"product_type":"7"},{"product_id":453,"code":"18900","name":"Gildan Heavy Blend Fleece Stadium Blanket","image":"product-images\/black_18900.jpg","description":"50\" x 60\", 50\/50 US cotton\/poly blend cozy blanket with brushed interior","keep":1,"product_type":"8"},{"product_id":195,"code":"411053","name":"OGIO - Marshall Pack","image":"product-images\/411053.jpg","description":"This pack protects your laptop, caters to your professional needs and delivers bold OGIO style.","keep":1,"product_type":"8"},{"product_id":125,"code":"BG410","name":"Port Authority Essential Zip Tote","image":"product-images\/bg410.jpg","description":"There's plenty of room to hold the day's essentials in this must-have tote that comes in lots of colors and features a secure zippered top closure.","keep":1,"product_type":"8"}] ###END###
[2025-04-09 17:06:14] Edit products UI page loaded. ###END###
[2025-04-09 17:06:14] Fetching products from database. ###END###
[2025-04-09 17:06:14] Database credentials: Server - 10.50.10.94, Database - uniform_orders ###END###
[2025-04-09 17:06:14] Products fetched clown!  ###END###
[2025-04-09 17:17:00] Fetching products from database. ###END###
[2025-04-09 17:17:00] Database credentials: Server - 10.50.10.94, Database - uniform_orders ###END###
[2025-04-09 17:17:00] Products fetched clown!  ###END###
[2025-04-09 17:17:18] Fetching products from database. ###END###
[2025-04-09 17:17:18] Database credentials: Server - 10.50.10.94, Database - uniform_orders ###END###
[2025-04-09 17:17:18] Products fetched clown!  ###END###
[2025-04-09 17:17:40] Fetching products from database. ###END###
[2025-04-09 17:17:40] Database credentials: Server - 10.50.10.94, Database - uniform_orders ###END###
[2025-04-09 17:17:40] Products fetched clown!  ###END###
[2025-04-09 17:33:23] Fetching products from database. ###END###
[2025-04-09 17:33:23] Database credentials: Server - 10.50.10.94, Database - uniform_orders ###END###
[2025-04-09 17:33:23] Products fetched clown!  ###END###
[2025-04-09 17:33:53] Fetching products from database. ###END###
[2025-04-09 17:33:53] Database credentials: Server - 10.50.10.94, Database - uniform_orders ###END###
[2025-04-09 17:36:33] Fetching products from database. ###END###
[2025-04-09 17:36:33] Database credentials: Server - 10.50.10.94, Database - uniform_orders ###END###
[2025-04-09 17:36:35] Fetching products from database. ###END###
[2025-04-09 17:36:35] Database credentials: Server - 10.50.10.94, Database - uniform_orders ###END###
[2025-04-09 17:37:20] Fetching products from database. ###END###
[2025-04-09 17:37:20] Database credentials: Server - 10.50.10.94, Database - uniform_orders ###END###
[2025-04-09 17:39:14] Fetching products from database. ###END###
[2025-04-09 17:40:07] Fetching products from database. ###END###
[2025-04-09 17:41:22] Fetching products from database. ###END###
[2025-04-09 17:41:42] Fetching products from database. ###END###
[2025-04-09 17:42:40] Fetching products from database. ###END###
[2025-04-09 17:43:16] Fetching products from database. ###END###
[2025-04-09 17:44:54] Fetching products from database. ###END###
[2025-04-09 17:47:02] Fetching products from database. ###END###
[2025-04-09 17:47:26] Fetching products from database. ###END###
[2025-04-09 17:47:27] Fetching products from database. ###END###
[2025-04-09 17:47:46] Fetching products from database. ###END###
[2025-04-09 17:48:12] Fetching products from database. ###END###
[2025-04-09 17:48:30] Fetching products from database. ###END###
[2025-04-09 17:48:35] Fetching products from database. ###END###
[2025-04-09 17:48:56] Fetching products from database. ###END###
[2025-04-09 17:49:15] Fetching products from database. ###END###
[2025-04-09 17:49:34] Fetching products from database. ###END###
[2025-04-09 17:50:11] Fetching products from database. ###END###
[2025-04-09 17:52:26] Fetching products from database. ###END###
[2025-04-09 17:52:35] Fetching products from database. ###END###
[2025-04-09 17:53:59] Fetching products from database. ###END###
[2025-04-09 17:54:00] Fetching products from database. ###END###
[2025-04-09 17:54:02] Fetching products from database. ###END###
[2025-04-09 17:54:34] Fetching products from database. ###END###
[2025-04-09 18:00:22] Fetching products from database. ###END###
[2025-04-09 18:01:27] Fetching products from database. ###END###
[2025-04-09 18:02:15] Fetching products from database. ###END###
[2025-04-09 18:03:59] Fetching products from database. ###END###
[2025-04-09 18:05:18] Fetching products from database. ###END###
[2025-04-09 18:06:04] Fetching products from database. ###END###
[2025-04-09 18:15:11] Fetching products from database. ###END###
[2025-04-09 18:16:10] Fetching products from database. ###END###
[2025-04-09 18:16:24] Fetching products from database. ###END###
[2025-04-09 18:18:18] Fetching products from database. ###END###
[2025-04-09 18:18:22] Fetching products from database. ###END###
[2025-04-09 18:18:24] Fetching products from database. ###END###
[2025-04-09 18:18:38] Fetching products from database. ###END###
[2025-04-09 18:19:03] Fetching products from database. ###END###
[2025-04-09 18:22:13] Fetching products from database. ###END###
[2025-04-09 18:24:57] Fetching products from database. ###END###
[2025-04-09 18:25:13] Fetching products from database. ###END###
[2025-04-09 18:25:18] Fetching products from database. ###END###
[2025-04-09 18:25:47] Fetching products from database. ###END###
[2025-04-09 18:26:54] Fetching products from database. ###END###
[2025-04-09 18:30:06] Fetching products from database. ###END###
[2025-04-09 18:30:55] Fetching products from database. ###END###
[2025-04-09 18:36:30] Fetching products from database. ###END###
[2025-04-09 18:37:15] Fetching products from database. ###END###
[2025-04-09 18:38:38] Fetching products from database. ###END###
[2025-04-09 18:39:23] Fetching products from database. ###END###
[2025-04-09 18:40:12] Fetching products from database. ###END###
[2025-04-09 18:41:56] Fetching products from database. ###END###
[2025-04-09 18:42:56] Fetching products from database. ###END###
[2025-04-09 18:43:29] Fetching products from database. ###END###
[2025-04-09 18:44:20] Fetching products from database. ###END###
[2025-04-09 19:05:06] Fetching products from database. ###END###
[2025-04-09 19:06:00] Fetching products from database. ###END###
[2025-04-09 19:06:45] Fetching products from database. ###END###
[2025-04-09 19:10:19] Fetching products from database. ###END###
[2025-04-09 19:33:22] Fetching products from database. ###END###
[2025-04-09 19:46:08] Fetching products from database. ###END###
[2025-04-09 19:47:49] Fetching products from database. ###END###
[2025-04-09 19:51:39] Fetching products from database. ###END###
[2025-04-09 19:56:47] Fetching products from database. ###END###
[2025-04-09 20:00:12] Fetching products from database. ###END###
[2025-04-09 20:01:32] Fetching products from database. ###END###
[2025-04-09 20:02:29] Fetching products from database. ###END###
[2025-04-09 20:02:31] Fetching products from database. ###END###
[2025-04-09 20:02:42] Fetching products from database. ###END###
[2025-04-09 20:03:22] Fetching products from database. ###END###
[2025-04-10 12:53:53] Fetching products from database. ###END###
[2025-04-10 13:09:59] Fetching products from database. ###END###
[2025-04-10 13:10:54] Fetching products from database. ###END###
[2025-04-10 13:11:05] Fetching products from database. ###END###
[2025-04-10 13:12:34] Fetching products from database. ###END###
[2025-04-10 13:14:36] Fetching products from database. ###END###
[2025-04-10 13:15:20] Fetching products from database. ###END###
[2025-04-10 13:17:43] Fetching products from database. ###END###
[2025-04-10 13:18:34] Fetching products from database. ###END###
[2025-04-10 13:18:42] Fetching products from database. ###END###
[2025-04-10 13:18:49] Fetching products from database. ###END###
[2025-04-10 13:20:02] Fetching products from database. ###END###
[2025-04-10 13:20:48] Fetching products from database. ###END###
[2025-04-10 13:21:42] Fetching products from database. ###END###
[2025-04-10 13:21:44] Get Product Data for Product ID:  ###END###
[2025-04-10 13:22:15] Fetching products from database. ###END###
[2025-04-10 13:22:17] Get Product Data for Product ID: 453 ###END###
[2025-04-10 13:22:46] Get Product Data for Product ID: 191 ###END###
[2025-04-10 14:53:49] Get Product Data for Product ID: 455 ###END###
[2025-04-10 14:57:05] Fetching products from database. ###END###
[2025-04-10 14:58:12] Fetching products from database. ###END###
[2025-04-10 14:58:23] Fetching products from database. ###END###
[2025-04-10 14:58:27] Get Product Data for Product ID: 227 ###END###
[2025-04-10 14:59:10] Fetching products from database. ###END###
[2025-04-10 14:59:13] Get Product Data for Product ID: 227 ###END###
[2025-04-10 15:00:33] Fetching products from database. ###END###
[2025-04-10 15:00:35] Get Product Data for Product ID: 227 ###END###
[2025-04-10 15:01:46] Fetching products from database. ###END###
[2025-04-10 15:01:50] Get Product Data for Product ID: 279 ###END###
[2025-04-10 15:03:04] Fetching products from database. ###END###
[2025-04-10 15:03:05] Get Product Data for Product ID: 453 ###END###
[2025-04-10 15:03:50] Fetching products from database. ###END###
[2025-04-10 15:03:52] Get Product Data for Product ID: 453 ###END###
[2025-04-10 15:05:28] Fetching products from database. ###END###
[2025-04-10 15:05:30] Get Product Data for Product ID: 195 ###END###
[2025-04-10 15:06:36] Fetching products from database. ###END###
[2025-04-10 15:06:37] Get Product Data for Product ID: 195 ###END###
[2025-04-10 15:07:14] Fetching products from database. ###END###
[2025-04-10 15:10:12] Fetching products from database. ###END###
[2025-04-10 15:10:14] Get Product Data for Product ID: 195 ###END###
[2025-04-10 15:11:14] Fetching products from database. ###END###
[2025-04-10 15:11:26] Fetching products from database. ###END###
[2025-04-10 15:11:28] Get Product Data for Product ID: 453 ###END###
[2025-04-10 15:12:01] Fetching products from database. ###END###
[2025-04-10 15:13:10] Fetching products from database. ###END###
[2025-04-10 15:14:10] Fetching products from database. ###END###
[2025-04-10 15:14:12] Get Product Data for Product ID: 453 ###END###
[2025-04-10 15:14:32] Fetching products from database. ###END###
[2025-04-10 15:14:34] Get Product Data for Product ID: 453 ###END###
[2025-04-10 15:15:59] Fetching products from database. ###END###
[2025-04-10 15:16:00] Get Product Data for Product ID: 105 ###END###
[2025-04-10 15:16:39] Fetching products from database. ###END###
[2025-04-10 15:16:41] Get Product Data for Product ID: 453 ###END###
[2025-04-10 15:39:54] Get Product Data for Product ID: 453 ###END###
[2025-04-10 16:16:59] Fetching products from database. ###END###
[2025-04-10 16:17:07] Fetching products from database. ###END###
[2025-04-10 16:17:09] Get Product Data for Product ID: 453 ###END###
[2025-04-10 16:17:48] Fetching products from database. ###END###
[2025-04-10 16:17:50] Get Product Data for Product ID: 125 ###END###
[2025-04-10 16:22:59] Fetching products from database. ###END###
[2025-04-10 16:23:01] Get Product Data for Product ID: 453 ###END###
[2025-04-10 16:24:15] Fetching products from database. ###END###
[2025-04-10 16:24:17] Get Product Data for Product ID: 195 ###END###
[2025-04-10 16:24:55] Fetching products from database. ###END###
[2025-04-10 16:24:56] Get Product Data for Product ID: 195 ###END###
[2025-04-10 16:25:38] Fetching products from database. ###END###
[2025-04-10 16:25:40] Get Product Data for Product ID: 195 ###END###
[2025-04-10 16:26:23] Fetching products from database. ###END###
[2025-04-10 16:26:25] Get Product Data for Product ID: 195 ###END###
[2025-04-10 16:30:08] Get Product Data for Product ID: 195 ###END###
[2025-04-10 16:30:35] Fetching products from database. ###END###
[2025-04-10 16:30:37] Get Product Data for Product ID: 195 ###END###
[2025-04-10 16:31:17] Fetching products from database. ###END###
[2025-04-10 16:31:19] Get Product Data for Product ID: 453 ###END###
[2025-04-10 16:32:11] Fetching products from database. ###END###
[2025-04-10 16:32:12] Get Product Data for Product ID: 453 ###END###
[2025-04-10 16:32:26] Get Product Data for Product ID: 195 ###END###
[2025-04-10 16:33:08] Fetching products from database. ###END###
[2025-04-10 16:33:10] Get Product Data for Product ID: 195 ###END###
[2025-04-10 16:35:27] Fetching products from database. ###END###
[2025-04-10 16:35:28] Get Product Data for Product ID: 195 ###END###
[2025-04-10 16:36:43] Fetching products from database. ###END###
[2025-04-10 16:36:45] Get Product Data for Product ID: 195 ###END###
[2025-04-10 16:38:11] Fetching products from database. ###END###
[2025-04-10 16:38:12] Get Product Data for Product ID: 195 ###END###
[2025-04-10 16:38:34] Fetching products from database. ###END###
[2025-04-10 16:38:35] Get Product Data for Product ID: 195 ###END###
[2025-04-10 16:41:19] Fetching products from database. ###END###
[2025-04-10 16:41:24] Get Product Data for Product ID: 453 ###END###
[2025-04-10 16:44:04] Fetching products from database. ###END###
[2025-04-10 16:44:05] Get Product Data for Product ID: 195 ###END###
[2025-04-10 16:45:25] Fetching products from database. ###END###
[2025-04-10 16:45:26] Get Product Data for Product ID: 195 ###END###
[2025-04-10 16:46:27] Fetching products from database. ###END###
[2025-04-10 16:46:29] Get Product Data for Product ID: 195 ###END###
[2025-04-10 16:47:24] Fetching products from database. ###END###
[2025-04-10 16:47:25] Get Product Data for Product ID: 125 ###END###
[2025-04-10 16:48:18] Fetching products from database. ###END###
[2025-04-10 16:48:20] Get Product Data for Product ID: 195 ###END###
[2025-04-10 16:49:47] Fetching products from database. ###END###
[2025-04-10 16:49:49] Get Product Data for Product ID: 195 ###END###
[2025-04-10 16:51:07] Fetching products from database. ###END###
[2025-04-10 16:51:09] Get Product Data for Product ID: 125 ###END###
[2025-04-10 16:51:43] Fetching products from database. ###END###
[2025-04-10 16:53:07] Fetching products from database. ###END###
[2025-04-10 16:53:32] Fetching products from database. ###END###
[2025-04-10 16:53:37] Get Product Data for Product ID: 195 ###END###
[2025-04-10 16:54:04] Fetching products from database. ###END###
[2025-04-10 16:55:17] Fetching products from database. ###END###
[2025-04-10 16:55:19] Get Product Data for Product ID: 195 ###END###
[2025-04-10 16:56:07] Fetching products from database. ###END###
[2025-04-10 16:56:34] Fetching products from database. ###END###
[2025-04-10 16:57:37] Fetching products from database. ###END###
[2025-04-10 16:57:38] Get Product Data for Product ID: 195 ###END###
[2025-04-10 16:57:50] Fetching products from database. ###END###
[2025-04-10 17:01:58] Fetching products from database. ###END###
[2025-04-10 17:02:03] Get Product Data for Product ID: 195 ###END###
[2025-04-10 17:03:37] Fetching products from database. ###END###
[2025-04-10 17:03:39] Get Product Data for Product ID: 195 ###END###
[2025-04-10 17:03:54] Get Product Data for Product ID: 195 ###END###
[2025-04-10 17:05:57] Fetching products from database. ###END###
[2025-04-10 17:05:59] Get Product Data for Product ID: 195 ###END###
[2025-04-10 17:08:15] Fetching products from database. ###END###
[2025-04-10 17:08:17] Get Product Data for Product ID: 125 ###END###
[2025-04-10 17:08:40] Fetching products from database. ###END###
[2025-04-10 17:08:42] Get Product Data for Product ID: 195 ###END###
[2025-04-10 17:09:28] Fetching products from database. ###END###
[2025-04-10 17:09:30] Get Product Data for Product ID: 195 ###END###
[2025-04-10 17:10:21] Fetching products from database. ###END###
[2025-04-10 17:10:22] Get Product Data for Product ID: 453 ###END###
[2025-04-10 17:10:38] Fetching products from database. ###END###
[2025-04-10 17:10:40] Get Product Data for Product ID: 125 ###END###
[2025-04-10 17:12:35] Fetching products from database. ###END###
[2025-04-10 17:12:36] Get Product Data for Product ID: 125 ###END###
[2025-04-10 17:26:14] Fetching products from database. ###END###
[2025-04-10 17:26:22] Get Product Data for Product ID: 190 ###END###
[2025-04-10 17:26:57] Get Product Data for Product ID: 105 ###END###
[2025-04-10 17:30:22] Fetching products from database. ###END###
[2025-04-10 17:30:23] Get Product Data for Product ID: 125 ###END###
[2025-04-10 17:31:39] Get Product Data for Product ID: 125 ###END###
[2025-04-10 17:33:12] Fetching products from database. ###END###
[2025-04-10 17:33:15] Get Product Data for Product ID: 211 ###END###
[2025-04-10 17:34:08] Fetching products from database. ###END###
[2025-04-10 17:34:12] Fetching products from database. ###END###
[2025-04-10 17:34:14] Get Product Data for Product ID: 448 ###END###
[2025-04-10 17:34:20] Get Product Data for Product ID: 449 ###END###
[2025-04-10 17:36:16] Fetching products from database. ###END###
[2025-04-10 17:36:18] Get Product Data for Product ID: 376 ###END###
[2025-04-10 17:37:35] Fetching products from database. ###END###
[2025-04-10 17:37:39] Get Product Data for Product ID: 382 ###END###
[2025-04-10 17:37:42] Fetching products from database. ###END###
[2025-04-10 17:38:49] Fetching products from database. ###END###
[2025-04-10 17:38:52] Get Product Data for Product ID: 375 ###END###
[2025-04-10 17:40:30] Fetching products from database. ###END###
[2025-04-10 17:40:38] Get Product Data for Product ID: 382 ###END###
[2025-04-10 17:41:42] Fetching products from database. ###END###
[2025-04-10 17:41:44] Get Product Data for Product ID: 382 ###END###
[2025-04-10 17:44:46] Fetching products from database. ###END###
[2025-04-10 17:44:48] Get Product Data for Product ID: 382 ###END###
[2025-04-10 17:46:04] Get Product Data for Product ID: 375 ###END###
[2025-04-10 17:49:36] Fetching products from database. ###END###
[2025-04-10 17:49:37] Get Product Data for Product ID: 375 ###END###
[2025-04-10 17:51:15] Fetching products from database. ###END###
[2025-04-10 17:51:17] Get Product Data for Product ID: 449 ###END###
[2025-04-10 17:53:00] Fetching products from database. ###END###
[2025-04-10 17:53:02] Get Product Data for Product ID: 378 ###END###
[2025-04-10 17:53:52] Fetching products from database. ###END###
[2025-04-10 17:53:54] Get Product Data for Product ID: 449 ###END###
[2025-04-10 17:54:01] Get Product Data for Product ID: 378 ###END###
[2025-04-10 17:54:09] Fetching products from database. ###END###
[2025-04-10 17:54:11] Get Product Data for Product ID: 375 ###END###
[2025-04-10 17:54:44] Fetching products from database. ###END###
[2025-04-10 17:54:46] Get Product Data for Product ID: 375 ###END###
[2025-04-10 17:56:24] Fetching products from database. ###END###
[2025-04-10 17:56:25] Get Product Data for Product ID: 449 ###END###
[2025-04-10 17:56:35] Get Product Data for Product ID: 211 ###END###
[2025-04-10 17:59:49] Fetching products from database. ###END###
[2025-04-10 17:59:52] Get Product Data for Product ID: 191 ###END###
[2025-04-10 18:00:10] Fetching products from database. ###END###
[2025-04-10 18:00:15] Get Product Data for Product ID: 191 ###END###
[2025-04-10 18:01:25] Fetching products from database. ###END###
[2025-04-10 18:01:27] Get Product Data for Product ID: 191 ###END###
[2025-04-10 18:02:18] Fetching products from database. ###END###
[2025-04-10 18:02:21] Get Product Data for Product ID: 191 ###END###
[2025-04-10 18:02:56] Fetching products from database. ###END###
[2025-04-10 18:02:59] Get Product Data for Product ID: 33 ###END###
[2025-04-10 18:02:59] Get Product Data for Product ID: 33 ###END###
[2025-04-10 18:04:15] Fetching products from database. ###END###
[2025-04-10 18:04:19] Get Product Data for Product ID: 33 ###END###
[2025-04-10 18:04:24] Get Product Data for Product ID: 191 ###END###
[2025-04-10 18:05:38] Fetching products from database. ###END###
[2025-04-10 18:05:41] Get Product Data for Product ID: 191 ###END###
[2025-04-10 18:06:32] Fetching products from database. ###END###
[2025-04-10 18:06:34] Get Product Data for Product ID: 191 ###END###
[2025-04-10 18:07:44] Fetching products from database. ###END###
[2025-04-10 18:07:46] Get Product Data for Product ID: 191 ###END###
[2025-04-10 18:08:39] Fetching products from database. ###END###
[2025-04-10 18:08:41] Get Product Data for Product ID: 191 ###END###
[2025-04-10 18:10:44] Fetching products from database. ###END###
[2025-04-10 18:10:47] Get Product Data for Product ID: 191 ###END###
[2025-04-10 18:11:53] Fetching products from database. ###END###
[2025-04-10 18:11:56] Get Product Data for Product ID: 191 ###END###
[2025-04-10 18:12:54] Fetching products from database. ###END###
[2025-04-10 18:12:56] Get Product Data for Product ID: 190 ###END###
[2025-04-10 18:14:09] Fetching products from database. ###END###
[2025-04-10 18:14:11] Get Product Data for Product ID: 191 ###END###
[2025-04-10 18:14:31] Fetching products from database. ###END###
[2025-04-10 18:14:33] Get Product Data for Product ID: 191 ###END###
[2025-04-10 18:16:20] Fetching products from database. ###END###
[2025-04-10 18:16:27] Get Product Data for Product ID: 190 ###END###
[2025-04-10 18:25:34] Fetching products from database. ###END###
[2025-04-10 18:25:38] Fetching products from database. ###END###
[2025-04-10 18:25:40] Get Product Data for Product ID: 191 ###END###
[2025-04-10 18:25:49] Get Product Data for Product ID: 371 ###END###
[2025-04-10 18:28:16] Fetching products from database. ###END###
[2025-04-10 18:28:18] Get Product Data for Product ID: 236 ###END###
[2025-04-10 18:28:41] Get Product Data for Product ID: 190 ###END###
[2025-04-10 18:29:19] Fetching products from database. ###END###
[2025-04-10 18:29:20] Get Product Data for Product ID: 33 ###END###
[2025-04-10 18:29:32] Get Product Data for Product ID: 154 ###END###
[2025-04-10 18:29:49] Fetching products from database. ###END###
[2025-04-10 18:29:51] Get Product Data for Product ID: 33 ###END###
[2025-04-10 18:30:31] Fetching products from database. ###END###
[2025-04-10 18:30:34] Get Product Data for Product ID: 452 ###END###
[2025-04-10 18:30:36] Get Product Data for Product ID: 452 ###END###
[2025-04-10 18:30:52] Fetching products from database. ###END###
[2025-04-10 18:30:56] Get Product Data for Product ID: 452 ###END###
[2025-04-10 18:31:42] Fetching products from database. ###END###
[2025-04-10 18:31:51] Get Product Data for Product ID: 161 ###END###
[2025-04-10 18:33:49] Fetching products from database. ###END###
[2025-04-10 18:33:51] Get Product Data for Product ID: 33 ###END###
[2025-04-10 18:34:29] Fetching products from database. ###END###
[2025-04-10 18:34:31] Get Product Data for Product ID: 452 ###END###
[2025-04-10 18:37:06] Fetching products from database. ###END###
[2025-04-10 18:37:08] Get Product Data for Product ID: 154 ###END###
[2025-04-10 18:37:51] Fetching products from database. ###END###
[2025-04-10 18:37:53] Get Product Data for Product ID: 154 ###END###
[2025-04-10 18:41:50] Fetching products from database. ###END###
[2025-04-10 18:41:52] Get Product Data for Product ID: 154 ###END###
[2025-04-10 18:42:24] Fetching products from database. ###END###
[2025-04-10 18:42:26] Get Product Data for Product ID: 452 ###END###
[2025-04-10 18:42:58] Fetching products from database. ###END###
[2025-04-10 18:43:01] Get Product Data for Product ID: 161 ###END###
[2025-04-10 18:43:25] Fetching products from database. ###END###
[2025-04-10 18:43:27] Get Product Data for Product ID: 154 ###END###
[2025-04-10 18:43:38] Fetching products from database. ###END###
[2025-04-10 18:43:43] Get Product Data for Product ID: 452 ###END###
[2025-04-10 18:45:33] Fetching products from database. ###END###
[2025-04-10 18:45:35] Get Product Data for Product ID: 154 ###END###
[2025-04-10 18:46:35] Fetching products from database. ###END###
[2025-04-10 18:46:37] Get Product Data for Product ID: 154 ###END###
[2025-04-10 18:48:19] Fetching products from database. ###END###
[2025-04-10 18:48:21] Get Product Data for Product ID: 154 ###END###
[2025-04-10 18:48:57] Fetching products from database. ###END###
[2025-04-10 18:48:59] Get Product Data for Product ID: 154 ###END###
[2025-04-10 18:51:31] Fetching products from database. ###END###
[2025-04-10 18:51:32] Get Product Data for Product ID: 452 ###END###
[2025-04-10 18:54:21] Fetching products from database. ###END###
[2025-04-10 18:54:22] Get Product Data for Product ID: 154 ###END###
[2025-04-10 18:54:55] Fetching products from database. ###END###
[2025-04-10 18:55:07] Fetching products from database. ###END###
[2025-04-10 18:55:09] Get Product Data for Product ID: 154 ###END###
[2025-04-10 18:56:10] Fetching products from database. ###END###
[2025-04-10 18:56:12] Get Product Data for Product ID: 452 ###END###
[2025-04-10 18:57:19] Fetching products from database. ###END###
[2025-04-10 18:57:23] Get Product Data for Product ID: 154 ###END###
[2025-04-10 18:57:37] Get Product Data for Product ID: 190 ###END###
[2025-04-10 18:57:42] Get Product Data for Product ID: 191 ###END###
[2025-04-10 19:04:01] Fetching products from database. ###END###
[2025-04-10 19:04:03] Get Product Data for Product ID: 191 ###END###
[2025-04-10 19:06:14] Fetching products from database. ###END###
[2025-04-10 19:06:16] Get Product Data for Product ID: 452 ###END###
[2025-04-10 19:07:00] Fetching products from database. ###END###
[2025-04-10 19:07:01] Fetching products from database. ###END###
[2025-04-10 19:07:02] Get Product Data for Product ID: 452 ###END###
[2025-04-10 19:09:03] Fetching products from database. ###END###
[2025-04-10 19:09:05] Get Product Data for Product ID: 33 ###END###
[2025-04-10 19:09:10] Get Product Data for Product ID: 154 ###END###
[2025-04-10 19:09:49] Fetching products from database. ###END###
[2025-04-10 19:09:53] Get Product Data for Product ID: 454 ###END###
[2025-04-10 19:12:28] Fetching products from database. ###END###
[2025-04-10 19:12:30] Get Product Data for Product ID: 454 ###END###
[2025-04-10 19:13:36] Fetching products from database. ###END###
[2025-04-10 19:13:38] Get Product Data for Product ID: 456 ###END###
[2025-04-10 19:14:30] Fetching products from database. ###END###
[2025-04-10 19:14:32] Get Product Data for Product ID: 457 ###END###
[2025-04-10 19:15:22] Fetching products from database. ###END###
[2025-04-10 19:15:25] Get Product Data for Product ID: 33 ###END###
[2025-04-10 19:15:34] Get Product Data for Product ID: 457 ###END###
[2025-04-10 19:15:38] Get Product Data for Product ID: 371 ###END###
[2025-04-10 19:16:48] Fetching products from database. ###END###
[2025-04-10 19:16:50] Get Product Data for Product ID: 300 ###END###
[2025-04-10 19:16:58] Get Product Data for Product ID: 190 ###END###
[2025-04-10 19:17:41] Get Product Data for Product ID: 350 ###END###
[2025-04-10 19:18:56] Get Product Data for Product ID: 298 ###END###
[2025-04-10 19:19:09] Get Product Data for Product ID: 257 ###END###
[2025-04-10 19:19:22] Get Product Data for Product ID: 298 ###END###
[2025-04-10 19:21:07] Fetching products from database. ###END###
[2025-04-10 19:21:11] Get Product Data for Product ID: 230 ###END###
[2025-04-10 19:23:20] Fetching products from database. ###END###
[2025-04-10 19:23:29] Get Product Data for Product ID: 260 ###END###
[2025-04-10 19:23:48] Get Product Data for Product ID: 370 ###END###
[2025-04-10 19:26:37] Fetching products from database. ###END###
[2025-04-10 19:27:14] Fetching products from database. ###END###
[2025-04-10 19:30:02] Fetching products from database. ###END###
[2025-04-10 19:30:46] Fetching products from database. ###END###
[2025-04-10 19:32:34] Fetching products from database. ###END###
[2025-04-10 19:32:38] Get Product Data for Product ID: 195 ###END###
[2025-04-10 19:35:30] Get Product Data for Product ID: 447 ###END###
[2025-04-10 19:35:35] Get Product Data for Product ID: 404 ###END###
[2025-04-10 19:35:53] Get Product Data for Product ID: 146 ###END###
[2025-04-10 19:36:02] Get Product Data for Product ID: 209 ###END###
[2025-04-10 19:40:16] Fetching products from database. ###END###
[2025-04-10 19:40:24] Get Product Data for Product ID: 190 ###END###
[2025-04-10 19:40:31] Get Product Data for Product ID: 211 ###END###
[2025-04-10 19:47:30] Fetching products from database. ###END###
[2025-04-11 13:24:27] Fetching products from database. ###END###
[2025-04-11 14:04:37] Fetching products from database. ###END###
[2025-04-11 14:04:45] Get Product Data for Product ID: 455 ###END###
[2025-04-11 14:04:51] Get Product Data for Product ID: 371 ###END###
[2025-04-11 14:05:09] Get Product Data for Product ID: 347 ###END###
[2025-05-06 12:15:17] SSO token: eyJ1c2VybmFtZSI6Impvbi5lbGx3b29kIiwidXNlckRhdGEiOiJDQzM1NjBERC1FNDI5LUYwMTEtODEwOC0wMDBDMjlBQjUxNDMiLCJleHAiOjE3NDY1MzQwMTYsImlhdCI6MTc0NjUzMzcxNiwic291cmNlIjoibXkuYmVya2VsZXljb3VudHlzYy5nb3YiLCJ0YXJnZXQiOiIifQ==.b970472638dc1ffb677c6c99e58882c05a16f322d8fab999cec3f21a0fbb0807 ###END###
[2025-05-06 12:22:01] SSO token: eyJ1c2VybmFtZSI6Impvbi5lbGx3b29kIiwidXNlckRhdGEiOiJDQzM1NjBERC1FNDI5LUYwMTEtODEwOC0wMDBDMjlBQjUxNDMiLCJleHAiOjE3NDY1MzQ0MDMsImlhdCI6MTc0NjUzNDEwMywic291cmNlIjoibXkuYmVya2VsZXljb3VudHlzYy5nb3YiLCJ0YXJnZXQiOiIifQ==.22edb6c0e7e14b344a6e06eb4409acd513a79009d4132d46f0abbec0a618a9f1 ###END###
[2025-05-06 12:52:00] SSO token: eyJ1c2VybmFtZSI6Impvbi5lbGx3b29kIiwidXNlckRhdGEiOiJDQzM1NjBERC1FNDI5LUYwMTEtODEwOC0wMDBDMjlBQjUxNDMiLCJleHAiOjE3NDY1MzYyMTgsImlhdCI6MTc0NjUzNTkxOCwic291cmNlIjoibXkuYmVya2VsZXljb3VudHlzYy5nb3YiLCJ0YXJnZXQiOiIifQ==.a4fe29981174e73feca9fcece2bb41f618c3b6cc6953d9a414832ab5c2f00561 ###END###
[2025-05-06 12:57:04] SSO token: eyJ1c2VybmFtZSI6Impvbi5lbGx3b29kIiwidXNlckRhdGEiOiJDQzM1NjBERC1FNDI5LUYwMTEtODEwOC0wMDBDMjlBQjUxNDMiLCJleHAiOjE3NDY1MzY1MjMsImlhdCI6MTc0NjUzNjIyMywic291cmNlIjoibXkuYmVya2VsZXljb3VudHlzYy5nb3YiLCJ0YXJnZXQiOiIifQ==.7a8465db576bf888e133bb23a170f33af8f7884677340150b512d31cd3a9a056 ###END###
[2025-05-06 12:58:30] SSO token: eyJ1c2VybmFtZSI6Impvbi5lbGx3b29kIiwidXNlckRhdGEiOiJDQzM1NjBERC1FNDI5LUYwMTEtODEwOC0wMDBDMjlBQjUxNDMiLCJleHAiOjE3NDY1MzY2MDksImlhdCI6MTc0NjUzNjMwOSwic291cmNlIjoibXkuYmVya2VsZXljb3VudHlzYy5nb3YiLCJ0YXJnZXQiOiIifQ==.27d5f3ddb4749f6be10addcbe9bea7ea25a4b9c2be2ece5796246d8dedb52a1b ###END###
[2025-05-06 12:59:21] SSO token: eyJ1c2VybmFtZSI6Impvbi5lbGx3b29kIiwidXNlckRhdGEiOiJDQzM1NjBERC1FNDI5LUYwMTEtODEwOC0wMDBDMjlBQjUxNDMiLCJleHAiOjE3NDY1MzY2NTUsImlhdCI6MTc0NjUzNjM1NSwic291cmNlIjoibXkuYmVya2VsZXljb3VudHlzYy5nb3YiLCJ0YXJnZXQiOiIifQ==.cd50e52fde08a7b6759288e781e0fe5af2209976e528016f4bfca04194a3f448 ###END###
[2025-05-06 13:05:23] SSO token: eyJ1c2VybmFtZSI6Impvbi5lbGx3b29kIiwidXNlckRhdGEiOiJDQzM1NjBERC1FNDI5LUYwMTEtODEwOC0wMDBDMjlBQjUxNDMiLCJleHAiOjE3NDY1MzcwMjAsImlhdCI6MTc0NjUzNjcyMCwic291cmNlIjoibXkuYmVya2VsZXljb3VudHlzYy5nb3YiLCJ0YXJnZXQiOiIifQ==.1d15f056079c8d68ef5d6dc3e77178a04461964f267fa04f74ac6813825d25f1 ###END###
[2025-05-06 13:07:23] SSO token: eyJ1c2VybmFtZSI6Impvbi5lbGx3b29kIiwidXNlckRhdGEiOiJDQzM1NjBERC1FNDI5LUYwMTEtODEwOC0wMDBDMjlBQjUxNDMiLCJleHAiOjE3NDY1MzcwOTAsImlhdCI6MTc0NjUzNjc5MCwic291cmNlIjoibXkuYmVya2VsZXljb3VudHlzYy5nb3YiLCJ0YXJnZXQiOiIifQ==.93444729ade57aa85173e277ca9417e11a35fb2d542f05e40745909997abe7ab ###END###
[2025-05-06 13:09:48] SSO token: eyJ1c2VybmFtZSI6Impvbi5lbGx3b29kIiwidXNlckRhdGEiOiJDQzM1NjBERC1FNDI5LUYwMTEtODEwOC0wMDBDMjlBQjUxNDMiLCJleHAiOjE3NDY1MzcyODcsImlhdCI6MTc0NjUzNjk4Nywic291cmNlIjoibXkuYmVya2VsZXljb3VudHlzYy5nb3YiLCJ0YXJnZXQiOiIifQ==.6bf7b1acca6ea41ac829f144acbea5475c7c7d2f2ca767b796b4c62dee38bc32 ###END###
[2025-05-06 13:09:48] Parts in verify: Array ###END###
[2025-05-06 13:10:28] SSO token: eyJ1c2VybmFtZSI6Impvbi5lbGx3b29kIiwidXNlckRhdGEiOiJDQzM1NjBERC1FNDI5LUYwMTEtODEwOC0wMDBDMjlBQjUxNDMiLCJleHAiOjE3NDY1MzczMjcsImlhdCI6MTc0NjUzNzAyNywic291cmNlIjoibXkuYmVya2VsZXljb3VudHlzYy5nb3YiLCJ0YXJnZXQiOiIifQ==.c94109a3a47e2f5ca7b5df676b98325f1cdaf9bd420356cbac66616d6e973744 ###END###
[2025-05-06 13:10:28] Parts in verify: ["eyJ1c2VybmFtZSI6Impvbi5lbGx3b29kIiwidXNlckRhdGEiOiJDQzM1NjBERC1FNDI5LUYwMTEtODEwOC0wMDBDMjlBQjUxNDMiLCJleHAiOjE3NDY1MzczMjcsImlhdCI6MTc0NjUzNzAyNywic291cmNlIjoibXkuYmVya2VsZXljb3VudHlzYy5nb3YiLCJ0YXJnZXQiOiIifQ==","c94109a3a47e2f5ca7b5df676b98325f1cdaf9bd420356cbac66616d6e973744"] ###END###
[2025-05-06 13:14:13] SSO token: eyJ1c2VybmFtZSI6Impvbi5lbGx3b29kIiwidXNlckRhdGEiOiJDQzM1NjBERC1FNDI5LUYwMTEtODEwOC0wMDBDMjlBQjUxNDMiLCJleHAiOjE3NDY1Mzc1NTIsImlhdCI6MTc0NjUzNzI1Miwic291cmNlIjoibXkuYmVya2VsZXljb3VudHlzYy5nb3YiLCJ0YXJnZXQiOiIifQ==.03c1746445bd4537b651928157f7b95d38f7a82b4aa5d8e171c1a60792ff0790 ###END###
[2025-05-06 13:14:13] Parts in verify: ["eyJ1c2VybmFtZSI6Impvbi5lbGx3b29kIiwidXNlckRhdGEiOiJDQzM1NjBERC1FNDI5LUYwMTEtODEwOC0wMDBDMjlBQjUxNDMiLCJleHAiOjE3NDY1Mzc1NTIsImlhdCI6MTc0NjUzNzI1Miwic291cmNlIjoibXkuYmVya2VsZXljb3VudHlzYy5nb3YiLCJ0YXJnZXQiOiIifQ==","03c1746445bd4537b651928157f7b95d38f7a82b4aa5d8e171c1a60792ff0790"] ###END###
[2025-05-06 13:14:51] SSO token: eyJ1c2VybmFtZSI6Impvbi5lbGx3b29kIiwidXNlckRhdGEiOiJDQzM1NjBERC1FNDI5LUYwMTEtODEwOC0wMDBDMjlBQjUxNDMiLCJleHAiOjE3NDY1Mzc1OTAsImlhdCI6MTc0NjUzNzI5MCwic291cmNlIjoibXkuYmVya2VsZXljb3VudHlzYy5nb3YiLCJ0YXJnZXQiOiIifQ==.6e24cacc3455b7521af2f21189f491cb67768b8c32f7cd047497a27ff27fdab5 ###END###
[2025-05-06 13:16:16] SSO token: eyJ1c2VybmFtZSI6Impvbi5lbGx3b29kIiwidXNlckRhdGEiOiJDQzM1NjBERC1FNDI5LUYwMTEtODEwOC0wMDBDMjlBQjUxNDMiLCJleHAiOjE3NDY1Mzc2NzUsImlhdCI6MTc0NjUzNzM3NSwic291cmNlIjoibXkuYmVya2VsZXljb3VudHlzYy5nb3YiLCJ0YXJnZXQiOiIifQ==.31209540e64cc3141b5676572ec9a36dadf14208c4620e83dce6cbfef6f1fe07 ###END###
[2025-05-06 13:22:27] SSO token: eyJ1c2VybmFtZSI6Impvbi5lbGx3b29kIiwidXNlckRhdGEiOiJDQzM1NjBERC1FNDI5LUYwMTEtODEwOC0wMDBDMjlBQjUxNDMiLCJleHAiOjE3NDY1MzgwNDUsImlhdCI6MTc0NjUzNzc0NSwic291cmNlIjoibXkuYmVya2VsZXljb3VudHlzYy5nb3YiLCJ0YXJnZXQiOiIifQ==.d2961b3600716132efe2d45435e68b262111f1e22b0c68d14505dc068460e7b6 ###END###
[2025-05-06 13:23:34] SSO token: eyJ1c2VybmFtZSI6Impvbi5lbGx3b29kIiwidXNlckRhdGEiOiJDQzM1NjBERC1FNDI5LUYwMTEtODEwOC0wMDBDMjlBQjUxNDMiLCJleHAiOjE3NDY1MzgxMTMsImlhdCI6MTc0NjUzNzgxMywic291cmNlIjoibXkuYmVya2VsZXljb3VudHlzYy5nb3YiLCJ0YXJnZXQiOiIifQ==.e4607fc210c506dafd48cba4ac9de8cde5a82b2db9ab3883c6f7f4b8af2689be ###END###
[2025-05-06 13:26:20] SSO token: eyJ1c2VybmFtZSI6Impvbi5lbGx3b29kIiwidXNlckRhdGEiOiJDQzM1NjBERC1FNDI5LUYwMTEtODEwOC0wMDBDMjlBQjUxNDMiLCJleHAiOjE3NDY1MzgyNzgsImlhdCI6MTc0NjUzNzk3OCwic291cmNlIjoibXkuYmVya2VsZXljb3VudHlzYy5nb3YiLCJ0YXJnZXQiOiIifQ==.a40bb77861bb2186364b221b904eb62052c5bf3fd5ce95c4bc3c603a3035a432 ###END###
[2025-05-06 13:34:29] SSO token: eyJ1c2VybmFtZSI6Impvbi5lbGx3b29kIiwidXNlckRhdGEiOiJDQzM1NjBERC1FNDI5LUYwMTEtODEwOC0wMDBDMjlBQjUxNDMiLCJleHAiOjE3NDY1Mzg3NjYsImlhdCI6MTc0NjUzODQ2Niwic291cmNlIjoibXkuYmVya2VsZXljb3VudHlzYy5nb3YiLCJ0YXJnZXQiOiIifQ==.b510e6e687cd1b6c0f40d72372e9ef9d1f8ebc55a207de806fdbd86a1958305e ###END###
[2025-05-06 13:35:08] SSO token: eyJ1c2VybmFtZSI6Impvbi5lbGx3b29kIiwidXNlckRhdGEiOiJDQzM1NjBERC1FNDI5LUYwMTEtODEwOC0wMDBDMjlBQjUxNDMiLCJleHAiOjE3NDY1Mzg4MDUsImlhdCI6MTc0NjUzODUwNSwic291cmNlIjoibXkuYmVya2VsZXljb3VudHlzYy5nb3YiLCJ0YXJnZXQiOiIifQ==.84b0dd0ac479381dffee18bd4085087bec57ac28fe9eafb480de908ada5b9d17 ###END###
[2025-05-06 13:36:31] SSO token: eyJ1c2VybmFtZSI6Impvbi5lbGx3b29kIiwidXNlckRhdGEiOiJDQzM1NjBERC1FNDI5LUYwMTEtODEwOC0wMDBDMjlBQjUxNDMiLCJleHAiOjE3NDY1Mzg4ODcsImlhdCI6MTc0NjUzODU4Nywic291cmNlIjoibXkuYmVya2VsZXljb3VudHlzYy5nb3YiLCJ0YXJnZXQiOiIifQ==.417515ced904a94db3a1673692800a4811973a3973c26f7180bc0637c0b405ea ###END###
[2025-05-06 13:37:20] SSO token: eyJ1c2VybmFtZSI6Impvbi5lbGx3b29kIiwidXNlckRhdGEiOiJDQzM1NjBERC1FNDI5LUYwMTEtODEwOC0wMDBDMjlBQjUxNDMiLCJleHAiOjE3NDY1Mzg5MzgsImlhdCI6MTc0NjUzODYzOCwic291cmNlIjoibXkuYmVya2VsZXljb3VudHlzYy5nb3YiLCJ0YXJnZXQiOiIifQ==.067edaf954716ca36d7672c74742cfd58ddbf90acad0b9bfe3aff0e29976346e ###END###
[2025-05-06 13:43:35] SSO token: eyJ1c2VybmFtZSI6Impvbi5lbGx3b29kIiwidXNlckRhdGEiOiJDQzM1NjBERC1FNDI5LUYwMTEtODEwOC0wMDBDMjlBQjUxNDMiLCJleHAiOjE3NDY1MzkzMTMsImlhdCI6MTc0NjUzOTAxMywic291cmNlIjoibXkuYmVya2VsZXljb3VudHlzYy5nb3YiLCJ0YXJnZXQiOiIifQ==.a1b3ac0747be26165a9ead9902a8d157c522751e145f0e378dfa2642f44b864d ###END###
[2025-05-06 13:45:26] SSO token: eyJ1c2VybmFtZSI6Impvbi5lbGx3b29kIiwidXNlckRhdGEiOiJDQzM1NjBERC1FNDI5LUYwMTEtODEwOC0wMDBDMjlBQjUxNDMiLCJleHAiOjE3NDY1Mzk0MjMsImlhdCI6MTc0NjUzOTEyMywic291cmNlIjoibXkuYmVya2VsZXljb3VudHlzYy5nb3YiLCJ0YXJnZXQiOiIifQ==.eb12d51c4bf6a18ff66bbed548cdee5cd312e8e969fc3428561a94f0545bc193 ###END###
[2025-05-06 13:50:40] SSO token: eyJ1c2VybmFtZSI6Impvbi5lbGx3b29kIiwidXNlckRhdGEiOiJDQzM1NjBERC1FNDI5LUYwMTEtODEwOC0wMDBDMjlBQjUxNDMiLCJleHAiOjE3NDY1Mzk3MzgsImlhdCI6MTc0NjUzOTQzOCwic291cmNlIjoibXkuYmVya2VsZXljb3VudHlzYy5nb3YiLCJ0YXJnZXQiOiIifQ==.7986b45687d59f223e0690530d950c8a33f4a8a176886bdb1aa9555561099141 ###END###
[2025-05-06 13:52:39] SSO token: eyJ1c2VybmFtZSI6Impvbi5lbGx3b29kIiwidXNlckRhdGEiOiJDQzM1NjBERC1FNDI5LUYwMTEtODEwOC0wMDBDMjlBQjUxNDMiLCJleHAiOjE3NDY1Mzk4NTYsImlhdCI6MTc0NjUzOTU1Niwic291cmNlIjoibXkuYmVya2VsZXljb3VudHlzYy5nb3YiLCJ0YXJnZXQiOiIifQ==.97624b24abc80fa014ba1366564e7b1b16c6fe0e78fe1d9e93d12f5f0a872102 ###END###
[2025-05-06 13:53:30] SSO token: eyJ1c2VybmFtZSI6Impvbi5lbGx3b29kIiwidXNlckRhdGEiOiJDQzM1NjBERC1FNDI5LUYwMTEtODEwOC0wMDBDMjlBQjUxNDMiLCJleHAiOjE3NDY1Mzk5MDksImlhdCI6MTc0NjUzOTYwOSwic291cmNlIjoibXkuYmVya2VsZXljb3VudHlzYy5nb3YiLCJ0YXJnZXQiOiIifQ==.2ad49c6b74017f86122196b8df76756d5652e5884afbd225291f385906e1198c ###END###
[2025-05-06 13:54:36] SSO token: eyJ1c2VybmFtZSI6Impvbi5lbGx3b29kIiwidXNlckRhdGEiOiJDQzM1NjBERC1FNDI5LUYwMTEtODEwOC0wMDBDMjlBQjUxNDMiLCJleHAiOjE3NDY1Mzk5NzUsImlhdCI6MTc0NjUzOTY3NSwic291cmNlIjoibXkuYmVya2VsZXljb3VudHlzYy5nb3YiLCJ0YXJnZXQiOiIifQ==.b481506f5a2c0fb2e5ca3de0f772a8b0cc2c7403b502afcf5a276c3fd6168228 ###END###
[2025-05-06 13:56:43] SSO token: eyJ1c2VybmFtZSI6Impvbi5lbGx3b29kIiwidXNlckRhdGEiOiJDQzM1NjBERC1FNDI5LUYwMTEtODEwOC0wMDBDMjlBQjUxNDMiLCJleHAiOjE3NDY1NDAxMDEsImlhdCI6MTc0NjUzOTgwMSwic291cmNlIjoibXkuYmVya2VsZXljb3VudHlzYy5nb3YiLCJ0YXJnZXQiOiIifQ==.0de1003a412108d2fa6d0e1c16df2694f986b0ce7088b9f0fc5c4a59030a5c2e ###END###
[2025-05-06 14:02:21] SSO token: eyJ1c2VybmFtZSI6Impvbi5lbGx3b29kIiwidXNlckRhdGEiOiJDQzM1NjBERC1FNDI5LUYwMTEtODEwOC0wMDBDMjlBQjUxNDMiLCJleHAiOjE3NDY1NDA0MzksImlhdCI6MTc0NjU0MDEzOSwic291cmNlIjoibXkuYmVya2VsZXljb3VudHlzYy5nb3YiLCJ0YXJnZXQiOiIifQ==.be5a81475fff3bd0b268d5fb3123d64c149cabcbb313abb4abd8d3763991e497 ###END###
[2025-05-06 14:03:09] SSO token: eyJ1c2VybmFtZSI6Impvbi5lbGx3b29kIiwidXNlckRhdGEiOiJDQzM1NjBERC1FNDI5LUYwMTEtODEwOC0wMDBDMjlBQjUxNDMiLCJleHAiOjE3NDY1NDA0ODcsImlhdCI6MTc0NjU0MDE4Nywic291cmNlIjoibXkuYmVya2VsZXljb3VudHlzYy5nb3YiLCJ0YXJnZXQiOiIifQ==.741e4a569da65d778261c5aff42294471b3c67400118591f61b3a94dbcf08ceb ###END###
[2025-05-06 14:03:26] SSO token: eyJ1c2VybmFtZSI6Impvbi5lbGx3b29kIiwidXNlckRhdGEiOiJDQzM1NjBERC1FNDI5LUYwMTEtODEwOC0wMDBDMjlBQjUxNDMiLCJleHAiOjE3NDY1NDA1MDUsImlhdCI6MTc0NjU0MDIwNSwic291cmNlIjoibXkuYmVya2VsZXljb3VudHlzYy5nb3YiLCJ0YXJnZXQiOiIifQ==.a80dff9a08ff555371b46f919d176c65227e2f9ea16fd602333c027519544dd4 ###END###
[2025-05-06 14:09:07] SSO token: eyJ1c2VybmFtZSI6Impvbi5lbGx3b29kIiwidXNlckRhdGEiOiJDQzM1NjBERC1FNDI5LUYwMTEtODEwOC0wMDBDMjlBQjUxNDMiLCJleHAiOjE3NDY1NDA4NDYsImlhdCI6MTc0NjU0MDU0Niwic291cmNlIjoibXkuYmVya2VsZXljb3VudHlzYy5nb3YiLCJ0YXJnZXQiOiIifQ==.ff64a8e25979e033d79b5a1bb7b37d71e0385ee915153e492f9e87440478a486 ###END###
[2025-05-06 14:09:48] SSO token: eyJ1c2VybmFtZSI6Impvbi5lbGx3b29kIiwidXNlckRhdGEiOiJDQzM1NjBERC1FNDI5LUYwMTEtODEwOC0wMDBDMjlBQjUxNDMiLCJleHAiOjE3NDY1NDA4ODYsImlhdCI6MTc0NjU0MDU4Niwic291cmNlIjoibXkuYmVya2VsZXljb3VudHlzYy5nb3YiLCJ0YXJnZXQiOiIifQ==.52fc2765e49f838040ddc844959a7717af311e77ba3f070e399d986bf65cf9fa ###END###
[2025-05-06 14:10:25] SSO token: eyJ1c2VybmFtZSI6Impvbi5lbGx3b29kIiwidXNlckRhdGEiOiJDQzM1NjBERC1FNDI5LUYwMTEtODEwOC0wMDBDMjlBQjUxNDMiLCJleHAiOjE3NDY1NDA5MjQsImlhdCI6MTc0NjU0MDYyNCwic291cmNlIjoibXkuYmVya2VsZXljb3VudHlzYy5nb3YiLCJ0YXJnZXQiOiIifQ==.473e8192e1aa1908e3389a9ae784b40983140c57082d8a4122f50a7baa21ddb1 ###END###
[2025-05-06 14:12:08] SSO token: eyJ1c2VybmFtZSI6Impvbi5lbGx3b29kIiwidXNlckRhdGEiOiJDQzM1NjBERC1FNDI5LUYwMTEtODEwOC0wMDBDMjlBQjUxNDMiLCJleHAiOjE3NDY1NDEwMjcsImlhdCI6MTc0NjU0MDcyNywic291cmNlIjoibXkuYmVya2VsZXljb3VudHlzYy5nb3YiLCJ0YXJnZXQiOiIifQ==.524ab6236bc10ae4718f52dd3301468c4068d57a2e8881f83b4fa772284cbc84 ###END###
[2025-05-06 14:14:40] SSO token: eyJ1c2VybmFtZSI6Impvbi5lbGx3b29kIiwidXNlckRhdGEiOiJDQzM1NjBERC1FNDI5LUYwMTEtODEwOC0wMDBDMjlBQjUxNDMiLCJleHAiOjE3NDY1NDExNzgsImlhdCI6MTc0NjU0MDg3OCwic291cmNlIjoibXkuYmVya2VsZXljb3VudHlzYy5nb3YiLCJ0YXJnZXQiOiIifQ==.edc501df0e8bed61ead72a6e186bed8d80c66879aadb40ea9df7b9e830b19843 ###END###
[2025-05-06 14:21:26] SSO token: eyJ1c2VybmFtZSI6Impvbi5lbGx3b29kIiwidXNlckRhdGEiOiJDQzM1NjBERC1FNDI5LUYwMTEtODEwOC0wMDBDMjlBQjUxNDMiLCJleHAiOjE3NDY1NDE1ODQsImlhdCI6MTc0NjU0MTI4NCwic291cmNlIjoibXkuYmVya2VsZXljb3VudHlzYy5nb3YiLCJ0YXJnZXQiOiIifQ==.541fb640583d70554d934f277b4d1d48c03e57b82d82132f8e397026af99c07a ###END###
[2025-05-06 14:24:31] SSO token: eyJ1c2VybmFtZSI6Impvbi5lbGx3b29kIiwidXNlckRhdGEiOiJDQzM1NjBERC1FNDI5LUYwMTEtODEwOC0wMDBDMjlBQjUxNDMiLCJleHAiOjE3NDY1NDE3NjksImlhdCI6MTc0NjU0MTQ2OSwic291cmNlIjoibXkuYmVya2VsZXljb3VudHlzYy5nb3YiLCJ0YXJnZXQiOiIifQ==.476991fc9969499c5611d2125575db18ed1423c97f1cfd844980fa96e5d2efd5 ###END###
[2025-05-06 14:25:05] SSO token: eyJ1c2VybmFtZSI6Impvbi5lbGx3b29kIiwidXNlckRhdGEiOiJDQzM1NjBERC1FNDI5LUYwMTEtODEwOC0wMDBDMjlBQjUxNDMiLCJleHAiOjE3NDY1NDE4MDQsImlhdCI6MTc0NjU0MTUwNCwic291cmNlIjoibXkuYmVya2VsZXljb3VudHlzYy5nb3YiLCJ0YXJnZXQiOiIifQ==.462e357013752b15adf4166941589737ade29e88dc57663e51aa696171df4743 ###END###
[2025-05-06 14:25:59] SSO token: eyJ1c2VybmFtZSI6Impvbi5lbGx3b29kIiwidXNlckRhdGEiOiJDQzM1NjBERC1FNDI5LUYwMTEtODEwOC0wMDBDMjlBQjUxNDMiLCJleHAiOjE3NDY1NDE4NTcsImlhdCI6MTc0NjU0MTU1Nywic291cmNlIjoibXkuYmVya2VsZXljb3VudHlzYy5nb3YiLCJ0YXJnZXQiOiIifQ==.9c0dfaed2c201a41df3bd24fe17b5342073a3d4adee44071ab9749395bcb9d35 ###END###
[2025-05-06 14:30:26] SSO token: eyJ1c2VybmFtZSI6Impvbi5lbGx3b29kIiwidXNlckRhdGEiOiJDQzM1NjBERC1FNDI5LUYwMTEtODEwOC0wMDBDMjlBQjUxNDMiLCJleHAiOjE3NDY1NDIxMjUsImlhdCI6MTc0NjU0MTgyNSwic291cmNlIjoibXkuYmVya2VsZXljb3VudHlzYy5nb3YiLCJ0YXJnZXQiOiIifQ==.c41e6c7e01f610afdf32d17b9dc4793ea1aad7c3ab146141c3a86fcc672448cf ###END###
[2025-05-06 14:37:29] SSO token: eyJ1c2VybmFtZSI6Impvbi5lbGx3b29kIiwidXNlckRhdGEiOiJDQzM1NjBERC1FNDI5LUYwMTEtODEwOC0wMDBDMjlBQjUxNDMiLCJleHAiOjE3NDY1NDI1NDYsImlhdCI6MTc0NjU0MjI0Niwic291cmNlIjoibXkuYmVya2VsZXljb3VudHlzYy5nb3YiLCJ0YXJnZXQiOiIifQ==.99a2f8bc422a1cef9dd6f0efba70fa611212683fea646e26543735ada09e1c9c ###END###
[2025-05-06 14:40:47] SSO token: eyJ1c2VybmFtZSI6Impvbi5lbGx3b29kIiwidXNlckRhdGEiOiJDQzM1NjBERC1FNDI5LUYwMTEtODEwOC0wMDBDMjlBQjUxNDMiLCJleHAiOjE3NDY1NDI3NDQsImlhdCI6MTc0NjU0MjQ0NCwic291cmNlIjoibXkuYmVya2VsZXljb3VudHlzYy5nb3YiLCJ0YXJnZXQiOiIifQ==.64d4f992bebe5c58ca3a4de8877d6dfe067f34228f13895142959e02b3fdc458 ###END###
[2025-05-06 14:43:34] SSO token: eyJ1c2VybmFtZSI6Impvbi5lbGx3b29kIiwidXNlckRhdGEiOiJDQzM1NjBERC1FNDI5LUYwMTEtODEwOC0wMDBDMjlBQjUxNDMiLCJleHAiOjE3NDY1NDI5MTMsImlhdCI6MTc0NjU0MjYxMywic291cmNlIjoibXkuYmVya2VsZXljb3VudHlzYy5nb3YiLCJ0YXJnZXQiOiJDQzM1NjBERC1FNDI5LUYwMTEtODEwOC0wMDBDMjlBQjUxNDMifQ==.4353751ea8a64d58bc04929489c4886989ef4c57127e4800bf32b163ec95c808 ###END###
[2025-05-06 14:44:18] SSO token: eyJ1c2VybmFtZSI6Impvbi5lbGx3b29kIiwidXNlckRhdGEiOiJDQzM1NjBERC1FNDI5LUYwMTEtODEwOC0wMDBDMjlBQjUxNDMiLCJleHAiOjE3NDY1NDI5NTcsImlhdCI6MTc0NjU0MjY1Nywic291cmNlIjoibXkuYmVya2VsZXljb3VudHlzYy5nb3YiLCJ0YXJnZXQiOiJDQzM1NjBERC1FNDI5LUYwMTEtODEwOC0wMDBDMjlBQjUxNDMifQ==.25e0f5bdb37dfe3d08447d0cb8879ad887938b0c89c7fd501a59396d33b68fc1 ###END###
[2025-05-06 14:46:34] SSO token: eyJ1c2VybmFtZSI6Impvbi5lbGx3b29kIiwiZXhwIjoxNzQ2NTQzMDkyLCJpYXQiOjE3NDY1NDI3OTIsInNvdXJjZSI6Im15LmJlcmtlbGV5Y291bnR5c2MuZ292IiwidGFyZ2V0IjoiQ0MzNTYwREQtRTQyOS1GMDExLTgxMDgtMDAwQzI5QUI1MTQzIn0=.35a42e22c96598682fdeca5c9e8732c7997756bdd29b0b0b214d5ef5fb4718ff ###END###
[2025-05-06 14:53:09] SSO token: eyJ1c2VybmFtZSI6Impvbi5lbGx3b29kIiwiZXhwIjoxNzQ2NTQzNDg4LCJpYXQiOjE3NDY1NDMxODgsInNvdXJjZSI6Im15LmJlcmtlbGV5Y291bnR5c2MuZ292IiwidGFyZ2V0IjoiQ0MzNTYwREQtRTQyOS1GMDExLTgxMDgtMDAwQzI5QUI1MTQzIn0=.eee532553987e7597b58fda4516eea5d95c408fb58c4e43d8b5a2bcb06585755 ###END###
[2025-05-06 14:53:09] SSO payload target: CC3560DD-E429-F011-8108-000C29AB5143 ###END###
[2025-05-06 14:54:46] SSO token: eyJ1c2VybmFtZSI6Impvbi5lbGx3b29kIiwiZXhwIjoxNzQ2NTQzNTg0LCJpYXQiOjE3NDY1NDMyODQsInNvdXJjZSI6Im15LmJlcmtlbGV5Y291bnR5c2MuZ292IiwidGFyZ2V0IjoiQ0MzNTYwREQtRTQyOS1GMDExLTgxMDgtMDAwQzI5QUI1MTQzIn0=.f0ce9593588ec7087bad2ccd64a5f47d3337cfc61245ec765162d006cb7d3b84 ###END###
[2025-05-06 14:54:46] SSO payload target: CC3560DD-E429-F011-8108-000C29AB5143 ###END###
[2025-05-06 15:47:36] SSO token: eyJ1c2VybmFtZSI6Impvbi5lbGx3b29kIiwiZXhwIjoxNzQ2NTQ2NzUzLCJpYXQiOjE3NDY1NDY0NTMsInNvdXJjZSI6Im15LmJlcmtlbGV5Y291bnR5c2MuZ292IiwidGFyZ2V0IjoiQ0MzNTYwREQtRTQyOS1GMDExLTgxMDgtMDAwQzI5QUI1MTQzIn0=.b839861a7fa36015110f4eb2687935b655f973e5d43b2b1834368af993e886ea ###END###
[2025-05-06 15:47:36] SSO payload target: CC3560DD-E429-F011-8108-000C29AB5143 ###END###
[2025-05-06 19:00:17] SSO token: eyJ1c2VybmFtZSI6IkNoZXJ5bC5ncmVlbndvb2QiLCJleHAiOjE3NDY1NTgzMTUsImlhdCI6MTc0NjU1ODAxNSwic291cmNlIjoibXliZXJrZWxleS5iZXJrZWxleWNvdW50eXNjLmdvdiIsInRhcmdldCI6IkNDMzU2MERELUU0MjktRjAxMS04MTA4LTAwMEMyOUFCNTE0MyJ9.364e0373f260aa559a0525d72a896c59b48086a136b18ba5619f6e0f41f045af ###END###
[2025-05-06 19:00:17] SSO payload target: CC3560DD-E429-F011-8108-000C29AB5143 ###END###
[2025-05-07 11:58:47] SSO token: eyJ1c2VybmFtZSI6Impvbi5lbGx3b29kIiwiZXhwIjoxNzQ2NjE5NDI2LCJpYXQiOjE3NDY2MTkxMjYsInNvdXJjZSI6Im15LmJlcmtlbGV5Y291bnR5c2MuZ292IiwidGFyZ2V0IjoiQ0MzNTYwREQtRTQyOS1GMDExLTgxMDgtMDAwQzI5QUI1MTQzIn0=.ace7e53052f7ab75fb76ed7f9047eae50f9161232ca098bc7f23327acf004410 ###END###
[2025-05-07 11:58:47] SSO payload target: CC3560DD-E429-F011-8108-000C29AB5143 ###END###
[2025-05-07 15:54:29] SSO token: eyJ1c2VybmFtZSI6Impvbi5lbGx3b29kIiwiZXhwIjoxNzQ2NjMzNTY3LCJpYXQiOjE3NDY2MzMyNjcsInNvdXJjZSI6Im15LmJlcmtlbGV5Y291bnR5c2MuZ292IiwidGFyZ2V0IjoiQ0MzNTYwREQtRTQyOS1GMDExLTgxMDgtMDAwQzI5QUI1MTQzIn0=.b741fcf9239a22690308e519da878f1d3f14fcf11de3c3051353543724435593 ###END###
[2025-05-07 15:54:29] SSO payload target: CC3560DD-E429-F011-8108-000C29AB5143 ###END###
[2025-05-07 17:43:15] SSO token: eyJ1c2VybmFtZSI6Impvbi5lbGx3b29kIiwiZXhwIjoxNzQ2NjQwMDk0LCJpYXQiOjE3NDY2Mzk3OTQsInNvdXJjZSI6Im15LmJlcmtlbGV5Y291bnR5c2MuZ292IiwidGFyZ2V0IjoiQ0MzNTYwREQtRTQyOS1GMDExLTgxMDgtMDAwQzI5QUI1MTQzIn0=.49bab2bb7c80c6f456385a6cc31a6488269561ccc6b3acaca6be345fc9264f5c ###END###
[2025-05-07 17:43:15] SSO payload target: CC3560DD-E429-F011-8108-000C29AB5143 ###END###
[2025-05-07 18:44:23] SSO token: eyJ1c2VybmFtZSI6Impvbi5lbGx3b29kIiwiZXhwIjoxNzQ2NjQzNzYwLCJpYXQiOjE3NDY2NDM0NjAsInNvdXJjZSI6Im15LmJlcmtlbGV5Y291bnR5c2MuZ292IiwidGFyZ2V0IjoiQ0MzNTYwREQtRTQyOS1GMDExLTgxMDgtMDAwQzI5QUI1MTQzIn0=.1f6503cb1373437ef944c4409b5dc656d68a6daa579d14a54bb86eee0d40638e ###END###
[2025-05-07 18:44:23] SSO payload target: CC3560DD-E429-F011-8108-000C29AB5143 ###END###
[2025-05-13 19:18:28] SSO token: eyJ1c2VybmFtZSI6Impvbi5lbGx3b29kIiwiZXhwIjoxNzQ3MTY0MjAwLCJpYXQiOjE3NDcxNjM5MDAsInNvdXJjZSI6Im15LmJlcmtlbGV5Y291bnR5c2MuZ292IiwidGFyZ2V0IjoiQ0MzNTYwREQtRTQyOS1GMDExLTgxMDgtMDAwQzI5QUI1MTQzIn0=.91d78a251ade0ccd31a0af3b7dcaa0968fa3ca6567bb363143e388927ea37bb2 ###END###
[2025-05-13 19:18:28] SSO payload target: CC3560DD-E429-F011-8108-000C29AB5143 ###END###
[2025-05-14 17:59:01] SSO token: eyJ1c2VybmFtZSI6Impvbi5lbGx3b29kIiwiZXhwIjoxNzQ3MjQ1ODM4LCJpYXQiOjE3NDcyNDU1MzgsInNvdXJjZSI6Im15LmJlcmtlbGV5Y291bnR5c2MuZ292IiwidGFyZ2V0IjoiQ0MzNTYwREQtRTQyOS1GMDExLTgxMDgtMDAwQzI5QUI1MTQzIn0=.bcb91a3eaa4ff3c5e1613655f6e0ab39faae1c6bc49be3fca439daa760bd3552 ###END###
[2025-05-14 17:59:01] SSO payload target: CC3560DD-E429-F011-8108-000C29AB5143 ###END###
[2025-05-14 18:01:52] Fetching products from database. ###END###
[2025-05-14 18:19:23] Fetching products from database. ###END###
[2025-05-14 18:20:34] Fetching products from database. ###END###
[2025-05-14 18:20:54] Get Product Data for Product ID: 458 ###END###
[2025-05-14 20:01:22] SSO token: eyJ1c2VybmFtZSI6ImtlbGx5LmhlcnJpbiIsImV4cCI6MTc0NzI1MzE4MCwiaWF0IjoxNzQ3MjUyODgwLCJzb3VyY2UiOiJteWJlcmtlbGV5LmJlcmtlbGV5Y291bnR5c2MuZ292IiwidGFyZ2V0IjoiQ0MzNTYwREQtRTQyOS1GMDExLTgxMDgtMDAwQzI5QUI1MTQzIn0=.c71e7f2a0dc66de014820aa5ce4dc44b6c9a6807a8328189d6cabe7a6e6b4d8a ###END###
[2025-05-14 20:01:22] SSO payload target: CC3560DD-E429-F011-8108-000C29AB5143 ###END###
[2025-05-16 14:01:43] SSO token: eyJ1c2VybmFtZSI6Impvbi5lbGx3b29kIiwiZXhwIjoxNzQ3NDA0NDAyLCJpYXQiOjE3NDc0MDQxMDIsInNvdXJjZSI6Im15LmJlcmtlbGV5Y291bnR5c2MuZ292IiwidGFyZ2V0IjoiQ0MzNTYwREQtRTQyOS1GMDExLTgxMDgtMDAwQzI5QUI1MTQzIn0=.5cb8ecd343c2a5dbe69b7a7f3c0e2d028a42ba8e0ba1e3a3819c7de31b8f0800 ###END###
[2025-05-16 14:01:43] SSO payload target: CC3560DD-E429-F011-8108-000C29AB5143 ###END###
[2025-05-16 16:27:46] SSO token: eyJ1c2VybmFtZSI6Impvbi5lbGx3b29kIiwiZXhwIjoxNzQ3NDEzMTY0LCJpYXQiOjE3NDc0MTI4NjQsInNvdXJjZSI6Im15LmJlcmtlbGV5Y291bnR5c2MuZ292IiwidGFyZ2V0IjoiQ0MzNTYwREQtRTQyOS1GMDExLTgxMDgtMDAwQzI5QUI1MTQzIn0=.6eeb2d1884d73c2664a9136df5703026a25045568030772eca03f65a6609ba0c ###END###
[2025-05-16 16:27:46] SSO payload target: CC3560DD-E429-F011-8108-000C29AB5143 ###END###
[2025-05-16 16:37:36] SSO token: eyJ1c2VybmFtZSI6Impvbi5lbGx3b29kIiwiZXhwIjoxNzQ3NDEzNzU1LCJpYXQiOjE3NDc0MTM0NTUsInNvdXJjZSI6Im15LmJlcmtlbGV5Y291bnR5c2MuZ292IiwidGFyZ2V0IjoiQ0MzNTYwREQtRTQyOS1GMDExLTgxMDgtMDAwQzI5QUI1MTQzIn0=.fc28bc1962fbcd788b041943a279bdc04fb91835ed607b46207240dc0f695910 ###END###
[2025-05-16 16:37:36] SSO payload target: CC3560DD-E429-F011-8108-000C29AB5143 ###END###
[2025-05-16 19:11:06] SSO token: eyJ1c2VybmFtZSI6Impvbi5lbGx3b29kIiwiZXhwIjoxNzQ3NDIyOTY1LCJpYXQiOjE3NDc0MjI2NjUsInNvdXJjZSI6Im15LmJlcmtlbGV5Y291bnR5c2MuZ292IiwidGFyZ2V0IjoiQ0MzNTYwREQtRTQyOS1GMDExLTgxMDgtMDAwQzI5QUI1MTQzIn0=.d810240f52f28e67407690646b4e79353369511d3babc0f062c278b61918384c ###END###
[2025-05-16 19:11:06] SSO payload target: CC3560DD-E429-F011-8108-000C29AB5143 ###END###
[2025-05-16 19:14:28] Fetching products from database. ###END###
[2025-05-16 19:14:33] Get Product Data for Product ID: 453 ###END###
[2025-05-20 14:08:06] SSO token: eyJ1c2VybmFtZSI6ImplcnJpLmNocmlzdG1hcyIsImV4cCI6MTc0Nzc1MDM4NCwiaWF0IjoxNzQ3NzUwMDg0LCJzb3VyY2UiOiJteS5iZXJrZWxleWNvdW50eXNjLmdvdiIsInRhcmdldCI6IkNDMzU2MERELUU0MjktRjAxMS04MTA4LTAwMEMyOUFCNTE0MyJ9.6e77adadad85bd4ae1962e54f575698a01eb2814452439c5e22b2edcece1967d ###END###
[2025-05-20 14:08:06] SSO payload target: CC3560DD-E429-F011-8108-000C29AB5143 ###END###
[2025-05-28 15:10:20] Fetching products from database. ###END###
[2025-05-28 15:10:51] Fetching products from database. ###END###
[2025-05-28 15:11:07] Get Product Data for Product ID: 384 ###END###
[2025-05-28 15:17:57] Get Product Data for Product ID: 385 ###END###
[2025-05-28 15:35:31] Get Product Data for Product ID: 385 ###END###
[2025-05-28 15:35:51] Fetching products from database. ###END###
[2025-05-28 15:35:54] Get Product Data for Product ID: 385 ###END###
[2025-05-28 15:41:13] Get Product Data for Product ID: 385 ###END###
[2025-05-28 15:44:16] Fetching products from database. ###END###
[2025-06-11 19:09:23] SSO token: eyJ1c2VybmFtZSI6Impvbi5lbGx3b29kIiwiZXhwIjoxNzQ5NjY5MjYwLCJpYXQiOjE3NDk2Njg5NjAsInNvdXJjZSI6Im15LmJlcmtlbGV5Y291bnR5c2MuZ292IiwidGFyZ2V0IjoiQ0MzNTYwREQtRTQyOS1GMDExLTgxMDgtMDAwQzI5QUI1MTQzIn0=.bf5ec5af4e38f1c1f2f1c3225ddbc520a076601a86e5d644bdf7b05dab30494d ###END###
[2025-06-11 19:09:23] SSO payload target: CC3560DD-E429-F011-8108-000C29AB5143 ###END###
[2025-06-11 19:09:59] SSO token: eyJ1c2VybmFtZSI6Impvbi5lbGx3b29kIiwiZXhwIjoxNzQ5NjY5MjYwLCJpYXQiOjE3NDk2Njg5NjAsInNvdXJjZSI6Im15LmJlcmtlbGV5Y291bnR5c2MuZ292IiwidGFyZ2V0IjoiQ0MzNTYwREQtRTQyOS1GMDExLTgxMDgtMDAwQzI5QUI1MTQzIn0=.bf5ec5af4e38f1c1f2f1c3225ddbc520a076601a86e5d644bdf7b05dab30494d ###END###
[2025-06-11 19:09:59] SSO payload target: CC3560DD-E429-F011-8108-000C29AB5143 ###END###
[2025-06-12 11:38:00] SSO token: eyJ1c2VybmFtZSI6Impvbi5lbGx3b29kIiwiZXhwIjoxNzQ5NzI4NTc4LCJpYXQiOjE3NDk3MjgyNzgsInNvdXJjZSI6Im15LmJlcmtlbGV5Y291bnR5c2MuZ292IiwidGFyZ2V0IjoiQ0MzNTYwREQtRTQyOS1GMDExLTgxMDgtMDAwQzI5QUI1MTQzIn0=.b8c95dac8a08eaf807b75fbd0fdf3da61a6a10ef6e328810284951fe981363b1 ###END###
[2025-06-12 11:38:00] SSO payload target: CC3560DD-E429-F011-8108-000C29AB5143 ###END###
[2025-06-13 17:12:12] SSO token: eyJ1c2VybmFtZSI6Impvbi5lbGx3b29kIiwiZXhwIjoxNzQ5ODM1MDMxLCJpYXQiOjE3NDk4MzQ3MzEsInNvdXJjZSI6Im15LmJlcmtlbGV5Y291bnR5c2MuZ292IiwidGFyZ2V0IjoiQ0MzNTYwREQtRTQyOS1GMDExLTgxMDgtMDAwQzI5QUI1MTQzIn0=.93b6e58f4f0c218c520375f5d2dc1312314e762742d08df29bb12a2646e6dde1 ###END###
[2025-06-13 17:12:12] SSO payload target: CC3560DD-E429-F011-8108-000C29AB5143 ###END###
[2025-06-16 11:52:04] SSO token: eyJ1c2VybmFtZSI6ImtlbGx5LmhlcnJpbiIsImV4cCI6MTc1MDA3NTAyMywiaWF0IjoxNzUwMDc0NzIzLCJzb3VyY2UiOiJteWJlcmtlbGV5LmJlcmtlbGV5Y291bnR5c2MuZ292IiwidGFyZ2V0IjoiQ0MzNTYwREQtRTQyOS1GMDExLTgxMDgtMDAwQzI5QUI1MTQzIn0=.e95c905580831c9c3490dfcc8a286880d83ba435064bf71a07b4ae114ffef94c ###END###
[2025-06-16 11:52:04] SSO payload target: CC3560DD-E429-F011-8108-000C29AB5143 ###END###
[2025-06-16 11:52:23] SSO token: eyJ1c2VybmFtZSI6ImtlbGx5LmhlcnJpbiIsImV4cCI6MTc1MDA3NTA0MiwiaWF0IjoxNzUwMDc0NzQyLCJzb3VyY2UiOiJteWJlcmtlbGV5LmJlcmtlbGV5Y291bnR5c2MuZ292IiwidGFyZ2V0IjoiQ0MzNTYwREQtRTQyOS1GMDExLTgxMDgtMDAwQzI5QUI1MTQzIn0=.6b15b107f117b455c8ee4f1ac761b4e0e7dd2983c88da6b7cf250b073c0c69f0 ###END###
[2025-06-16 11:52:23] SSO payload target: CC3560DD-E429-F011-8108-000C29AB5143 ###END###
