[2025-04-09 16:34:00] Edit products UI page loaded. ###END###
[2025-04-09 16:34:12] Edit products UI page loaded. ###END###
